******************************************************************************
                  TI ARM Linker PC v18.1.8                     
******************************************************************************
>> Linked Fri Oct 22 20:40:15 2021

OUTPUT FILE NAME:   <MSP432_TIME_PWM.out>
ENTRY POINT SYMBOL: "_c_int00_noargs"  address: 00000815


MEMORY CONFIGURATION

         name            origin    length      used     unused   attr    fill
----------------------  --------  ---------  --------  --------  ----  --------
  FLASH                 00000000   00100000  00000b0c  000ff4f4  R  X
  SRAM                  20000000   00040000  00000208  0003fdf8  RW X


SEGMENT ALLOCATION MAP

run origin  load origin   length   init length attrs members
----------  ----------- ---------- ----------- ----- -------
00000000    00000000    00000b10   00000b10    r-x
  00000000    00000000    00000208   00000208    r-- .intvecs
  00000208    00000208    000006c4   000006c4    r-x .text
  000008cc    000008cc    00000210   00000210    r-- .const
  00000ae0    00000ae0    00000030   00000030    r-- .cinit
20000000    20000000    00000208   00000000    rw-
  20000000    20000000    00000200   00000000    rw- .stack
  20000200    20000200    00000004   00000000    rw- .bss
  20000204    20000204    00000004   00000000    rw- .data


SECTION ALLOCATION MAP

 output                                  attributes/
section   page    origin      length       input sections
--------  ----  ----------  ----------   ----------------
.intvecs   0    00000000    00000208     
                  00000000    00000208     startup_msp432e401y_ccs.obj (.intvecs:retain)

.text      0    00000208    000006c4     
                  00000208    000002e0     msp432e4_driverlib.a : sysctl.o (.text:SysCtlClockFreqSet)
                  000004e8    000000b0     main.obj (.text:PWM_init)
                  00000598    0000009c     rtsv7M4_T_le_v4SPD16_eabi.lib : memcpy_t2.asm.obj (.text)
                  00000634    00000090     msp432e4_driverlib.a : sysctl.o (.text:_SysCtlFrequencyGet)
                  000006c4    00000068     rtsv7M4_T_le_v4SPD16_eabi.lib : copy_decompress_lzss.c.obj (.text:decompress:lzss:__TI_decompress_lzss)
                  0000072c    00000060     main.obj (.text:main)
                  0000078c    00000044     msp432e4_driverlib.a : sysctl.o (.text:_SysCtlMemTimingGet)
                  000007d0    00000044     rtsv7M4_T_le_v4SPD16_eabi.lib : autoinit.c.obj (.text:__TI_auto_init_nobinit_nopinit:__TI_auto_init_nobinit_nopinit)
                  00000814    00000038                                   : boot_cortex_m.c.obj (.text:_c_int00_noargs:_c_int00_noargs)
                  0000084c    00000020     system_msp432e401y.obj (.text:SystemInit)
                  0000086c    00000020     main.obj (.text:gpio_init)
                  0000088c    0000001c     rtsv7M4_T_le_v4SPD16_eabi.lib : copy_zero_init.c.obj (.text:decompress:ZI:__TI_zero_init_nomemset:__TI_zero_init_nomemset)
                  000008a8    0000000e                                   : copy_decompress_none.c.obj (.text:decompress:none:__TI_decompress_none)
                  000008b6    0000000c     startup_msp432e401y_ccs.obj (.text:Reset_Handler)
                  000008c2    00000004     rtsv7M4_T_le_v4SPD16_eabi.lib : pre_init.c.obj (.text:_system_pre_init)
                  000008c6    00000004                                   : exit.c.obj (.text:abort:abort)
                  000008ca    00000002     startup_msp432e401y_ccs.obj (.text:Default_Handler)

.const     0    000008cc    00000210     
                  000008cc    000001b0     msp432e4_driverlib.a : sysctl.o (.const:g_pppui32XTALtoVCO)
                  00000a7c    00000030                          : sysctl.o (.const:g_sXTALtoMEMTIM)
                  00000aac    00000028                          : sysctl.o (.const:g_pui32Xtals)
                  00000ad4    00000008                          : sysctl.o (.const:g_pui32VCOFrequencies)

.cinit     0    00000ae0    00000030     
                  00000ae0    0000000c     (__TI_handler_table)
                  00000aec    00000004     --HOLE-- [fill = 0]
                  00000af0    00000008     (.cinit..bss.load) [load image, compression = zero_init]
                  00000af8    00000008     (.cinit..data.load) [load image, compression = lzss]
                  00000b00    00000010     (__TI_cinit_table)

.init_array 
*          0    00000000    00000000     UNINITIALIZED

.bss       0    20000200    00000004     UNINITIALIZED
                  20000200    00000004     (.common:systemClock)

.data      0    20000204    00000004     UNINITIALIZED
                  20000204    00000004     system_msp432e401y.obj (.data)

.stack     0    20000000    00000200     UNINITIALIZED
                  20000000    00000004     rtsv7M4_T_le_v4SPD16_eabi.lib : boot_cortex_m.c.obj (.stack)
                  20000004    000001fc     --HOLE--

MODULE SUMMARY

       Module                        code   ro data   rw data
       ------                        ----   -------   -------
    .\
       main.obj                      304    0         4      
       system_msp432e401y.obj        32     0         4      
    +--+-----------------------------+------+---------+---------+
       Total:                        336    0         8      
                                                             
    .\ccs\
       startup_msp432e401y_ccs.obj   14     520       0      
    +--+-----------------------------+------+---------+---------+
       Total:                        14     520       0      
                                                             
    D:/ccs/simplelink_msp432e4_sdk_4_20_00_12/source/ti/devices/msp432e4/driverlib/lib/ccs/m4f/msp432e4_driverlib.a
       sysctl.o                      948    528       0      
    +--+-----------------------------+------+---------+---------+
       Total:                        948    528       0      
                                                             
    D:\ccs\ccsv8\tools\compiler\ti-cgt-arm_18.1.8.LTS\lib\rtsv7M4_T_le_v4SPD16_eabi.lib
       memcpy_t2.asm.obj             156    0         0      
       copy_decompress_lzss.c.obj    104    0         0      
       autoinit.c.obj                68     0         0      
       boot_cortex_m.c.obj           56     0         0      
       copy_zero_init.c.obj          28     0         0      
       copy_decompress_none.c.obj    14     0         0      
       exit.c.obj                    4      0         0      
       pre_init.c.obj                4      0         0      
    +--+-----------------------------+------+---------+---------+
       Total:                        434    0         0      
                                                             
       Stack:                        0      0         512    
       Linker Generated:             0      44        0      
    +--+-----------------------------+------+---------+---------+
       Grand Total:                  1732   1092      520    


LINKER GENERATED COPY TABLES

__TI_cinit_table @ 00000b00 records: 2, size/record: 8, table size: 16
	.bss: load addr=00000af0, load size=00000008 bytes, run addr=20000200, run size=00000004 bytes, compression=zero_init
	.data: load addr=00000af8, load size=00000008 bytes, run addr=20000204, run size=00000004 bytes, compression=lzss


LINKER GENERATED HANDLER TABLE

__TI_handler_table @ 00000ae0 records: 3, size/record: 4, table size: 12
	index: 0, handler: __TI_decompress_lzss
	index: 1, handler: __TI_decompress_none
	index: 2, handler: __TI_zero_init


GLOBAL SYMBOLS: SORTED ALPHABETICALLY BY Name 

address   name                          
-------   ----                          
000008cb  ADC0SS0_IRQHandler            
000008cb  ADC0SS1_IRQHandler            
000008cb  ADC0SS2_IRQHandler            
000008cb  ADC0SS3_IRQHandler            
000008cb  ADC1SS0_IRQHandler            
000008cb  ADC1SS1_IRQHandler            
000008cb  ADC1SS2_IRQHandler            
000008cb  ADC1SS3_IRQHandler            
000008cb  AES0_IRQHandler               
000008cb  BusFault_Handler              
000008c7  C$$EXIT                       
000008cb  CAN0_IRQHandler               
000008cb  CAN1_IRQHandler               
000008cb  COMP0_IRQHandler              
000008cb  COMP1_IRQHandler              
000008cb  COMP2_IRQHandler              
000008cb  DES0_IRQHandler               
000008cb  DebugMon_Handler              
000008cb  Default_Handler               
000008cb  EMAC0_IRQHandler              
000008cb  EPI0_IRQHandler               
000008cb  FLASH_IRQHandler              
000008cb  GPIOA_IRQHandler              
000008cb  GPIOB_IRQHandler              
000008cb  GPIOC_IRQHandler              
000008cb  GPIOD_IRQHandler              
000008cb  GPIOE_IRQHandler              
000008cb  GPIOF_IRQHandler              
000008cb  GPIOG_IRQHandler              
000008cb  GPIOH_IRQHandler              
000008cb  GPIOJ_IRQHandler              
000008cb  GPIOK_IRQHandler              
000008cb  GPIOL_IRQHandler              
000008cb  GPIOM_IRQHandler              
000008cb  GPION_IRQHandler              
000008cb  GPIOP0_IRQHandler             
000008cb  GPIOP1_IRQHandler             
000008cb  GPIOP2_IRQHandler             
000008cb  GPIOP3_IRQHandler             
000008cb  GPIOP4_IRQHandler             
000008cb  GPIOP5_IRQHandler             
000008cb  GPIOP6_IRQHandler             
000008cb  GPIOP7_IRQHandler             
000008cb  GPIOQ0_IRQHandler             
000008cb  GPIOQ1_IRQHandler             
000008cb  GPIOQ2_IRQHandler             
000008cb  GPIOQ3_IRQHandler             
000008cb  GPIOQ4_IRQHandler             
000008cb  GPIOQ5_IRQHandler             
000008cb  GPIOQ6_IRQHandler             
000008cb  GPIOQ7_IRQHandler             
000008cb  HIBERNATE_IRQHandler          
000008cb  HardFault_Handler             
000008cb  I2C0_IRQHandler               
000008cb  I2C1_IRQHandler               
000008cb  I2C2_IRQHandler               
000008cb  I2C3_IRQHandler               
000008cb  I2C4_IRQHandler               
000008cb  I2C5_IRQHandler               
000008cb  I2C6_IRQHandler               
000008cb  I2C7_IRQHandler               
000008cb  I2C8_IRQHandler               
000008cb  I2C9_IRQHandler               
000008cb  MemManage_Handler             
000008cb  NMI_Handler                   
000008cb  PWM0_0_IRQHandler             
000008cb  PWM0_1_IRQHandler             
000008cb  PWM0_2_IRQHandler             
000008cb  PWM0_3_IRQHandler             
000008cb  PWM0_FAULT_IRQHandler         
000004e9  PWM_init                      
000008cb  PendSV_Handler                
000008cb  QEI0_IRQHandler               
000008b7  Reset_Handler                 
000008cb  SHA0_IRQHandler               
000008cb  SSI0_IRQHandler               
000008cb  SSI1_IRQHandler               
000008cb  SSI2_IRQHandler               
000008cb  SSI3_IRQHandler               
000008cb  SVC_Handler                   
000008cb  SYSCTL_IRQHandler             
000008cb  SYSEXC_IRQHandler             
00000209  SysCtlClockFreqSet            
000008cb  SysTick_Handler               
20000204  SystemCoreClock               
0000084d  SystemInit                    
000008cb  TAMPER0_IRQHandler            
000008cb  TIMER0A_IRQHandler            
000008cb  TIMER0B_IRQHandler            
000008cb  TIMER1A_IRQHandler            
000008cb  TIMER1B_IRQHandler            
000008cb  TIMER2A_IRQHandler            
000008cb  TIMER2B_IRQHandler            
000008cb  TIMER3A_IRQHandler            
000008cb  TIMER3B_IRQHandler            
000008cb  TIMER4A_IRQHandler            
000008cb  TIMER4B_IRQHandler            
000008cb  TIMER5A_IRQHandler            
000008cb  TIMER5B_IRQHandler            
000008cb  TIMER6A_IRQHandler            
000008cb  TIMER6B_IRQHandler            
000008cb  TIMER7A_IRQHandler            
000008cb  TIMER7B_IRQHandler            
000008cb  UART0_IRQHandler              
000008cb  UART1_IRQHandler              
000008cb  UART2_IRQHandler              
000008cb  UART3_IRQHandler              
000008cb  UART4_IRQHandler              
000008cb  UART5_IRQHandler              
000008cb  UART6_IRQHandler              
000008cb  UART7_IRQHandler              
000008cb  UDMAERR_IRQHandler            
000008cb  UDMA_IRQHandler               
000008cb  USB0_IRQHandler               
000008cb  UsageFault_Handler            
000008cb  WATCHDOG_IRQHandler           
20000200  __STACK_END                   
00000200  __STACK_SIZE                  
20000200  __STACK_TOP                   
00000b00  __TI_CINIT_Base               
00000b10  __TI_CINIT_Limit              
00000ae0  __TI_Handler_Table_Base       
00000aec  __TI_Handler_Table_Limit      
000007d1  __TI_auto_init_nobinit_nopinit
000006c5  __TI_decompress_lzss          
000008a9  __TI_decompress_none          
ffffffff  __TI_pprof_out_hndl           
ffffffff  __TI_prof_data_size           
ffffffff  __TI_prof_data_start          
00000000  __TI_static_base__            
0000088d  __TI_zero_init_nomemset       
00000599  __aeabi_memcpy                
00000599  __aeabi_memcpy4               
00000599  __aeabi_memcpy8               
ffffffff  __binit__                     
ffffffff  __c_args__                    
UNDEFED   __mpu_init                    
20000000  __stack                       
00000815  _c_int00_noargs               
UNDEFED   _system_post_cinit            
000008c3  _system_pre_init              
000008c7  abort                         
ffffffff  binit                         
0000086d  gpio_init                     
00000000  interruptVectors              
0000072d  main                          
00000599  memcpy                        
20000200  systemClock                   


GLOBAL SYMBOLS: SORTED BY Symbol Address 

address   name                          
-------   ----                          
00000000  __TI_static_base__            
00000000  interruptVectors              
00000200  __STACK_SIZE                  
00000209  SysCtlClockFreqSet            
000004e9  PWM_init                      
00000599  __aeabi_memcpy                
00000599  __aeabi_memcpy4               
00000599  __aeabi_memcpy8               
00000599  memcpy                        
000006c5  __TI_decompress_lzss          
0000072d  main                          
000007d1  __TI_auto_init_nobinit_nopinit
00000815  _c_int00_noargs               
0000084d  SystemInit                    
0000086d  gpio_init                     
0000088d  __TI_zero_init_nomemset       
000008a9  __TI_decompress_none          
000008b7  Reset_Handler                 
000008c3  _system_pre_init              
000008c7  C$$EXIT                       
000008c7  abort                         
000008cb  ADC0SS0_IRQHandler            
000008cb  ADC0SS1_IRQHandler            
000008cb  ADC0SS2_IRQHandler            
000008cb  ADC0SS3_IRQHandler            
000008cb  ADC1SS0_IRQHandler            
000008cb  ADC1SS1_IRQHandler            
000008cb  ADC1SS2_IRQHandler            
000008cb  ADC1SS3_IRQHandler            
000008cb  AES0_IRQHandler               
000008cb  BusFault_Handler              
000008cb  CAN0_IRQHandler               
000008cb  CAN1_IRQHandler               
000008cb  COMP0_IRQHandler              
000008cb  COMP1_IRQHandler              
000008cb  COMP2_IRQHandler              
000008cb  DES0_IRQHandler               
000008cb  DebugMon_Handler              
000008cb  Default_Handler               
000008cb  EMAC0_IRQHandler              
000008cb  EPI0_IRQHandler               
000008cb  FLASH_IRQHandler              
000008cb  GPIOA_IRQHandler              
000008cb  GPIOB_IRQHandler              
000008cb  GPIOC_IRQHandler              
000008cb  GPIOD_IRQHandler              
000008cb  GPIOE_IRQHandler              
000008cb  GPIOF_IRQHandler              
000008cb  GPIOG_IRQHandler              
000008cb  GPIOH_IRQHandler              
000008cb  GPIOJ_IRQHandler              
000008cb  GPIOK_IRQHandler              
000008cb  GPIOL_IRQHandler              
000008cb  GPIOM_IRQHandler              
000008cb  GPION_IRQHandler              
000008cb  GPIOP0_IRQHandler             
000008cb  GPIOP1_IRQHandler             
000008cb  GPIOP2_IRQHandler             
000008cb  GPIOP3_IRQHandler             
000008cb  GPIOP4_IRQHandler             
000008cb  GPIOP5_IRQHandler             
000008cb  GPIOP6_IRQHandler             
000008cb  GPIOP7_IRQHandler             
000008cb  GPIOQ0_IRQHandler             
000008cb  GPIOQ1_IRQHandler             
000008cb  GPIOQ2_IRQHandler             
000008cb  GPIOQ3_IRQHandler             
000008cb  GPIOQ4_IRQHandler             
000008cb  GPIOQ5_IRQHandler             
000008cb  GPIOQ6_IRQHandler             
000008cb  GPIOQ7_IRQHandler             
000008cb  HIBERNATE_IRQHandler          
000008cb  HardFault_Handler             
000008cb  I2C0_IRQHandler               
000008cb  I2C1_IRQHandler               
000008cb  I2C2_IRQHandler               
000008cb  I2C3_IRQHandler               
000008cb  I2C4_IRQHandler               
000008cb  I2C5_IRQHandler               
000008cb  I2C6_IRQHandler               
000008cb  I2C7_IRQHandler               
000008cb  I2C8_IRQHandler               
000008cb  I2C9_IRQHandler               
000008cb  MemManage_Handler             
000008cb  NMI_Handler                   
000008cb  PWM0_0_IRQHandler             
000008cb  PWM0_1_IRQHandler             
000008cb  PWM0_2_IRQHandler             
000008cb  PWM0_3_IRQHandler             
000008cb  PWM0_FAULT_IRQHandler         
000008cb  PendSV_Handler                
000008cb  QEI0_IRQHandler               
000008cb  SHA0_IRQHandler               
000008cb  SSI0_IRQHandler               
000008cb  SSI1_IRQHandler               
000008cb  SSI2_IRQHandler               
000008cb  SSI3_IRQHandler               
000008cb  SVC_Handler                   
000008cb  SYSCTL_IRQHandler             
000008cb  SYSEXC_IRQHandler             
000008cb  SysTick_Handler               
000008cb  TAMPER0_IRQHandler            
000008cb  TIMER0A_IRQHandler            
000008cb  TIMER0B_IRQHandler            
000008cb  TIMER1A_IRQHandler            
000008cb  TIMER1B_IRQHandler            
000008cb  TIMER2A_IRQHandler            
000008cb  TIMER2B_IRQHandler            
000008cb  TIMER3A_IRQHandler            
000008cb  TIMER3B_IRQHandler            
000008cb  TIMER4A_IRQHandler            
000008cb  TIMER4B_IRQHandler            
000008cb  TIMER5A_IRQHandler            
000008cb  TIMER5B_IRQHandler            
000008cb  TIMER6A_IRQHandler            
000008cb  TIMER6B_IRQHandler            
000008cb  TIMER7A_IRQHandler            
000008cb  TIMER7B_IRQHandler            
000008cb  UART0_IRQHandler              
000008cb  UART1_IRQHandler              
000008cb  UART2_IRQHandler              
000008cb  UART3_IRQHandler              
000008cb  UART4_IRQHandler              
000008cb  UART5_IRQHandler              
000008cb  UART6_IRQHandler              
000008cb  UART7_IRQHandler              
000008cb  UDMAERR_IRQHandler            
000008cb  UDMA_IRQHandler               
000008cb  USB0_IRQHandler               
000008cb  UsageFault_Handler            
000008cb  WATCHDOG_IRQHandler           
00000ae0  __TI_Handler_Table_Base       
00000aec  __TI_Handler_Table_Limit      
00000b00  __TI_CINIT_Base               
00000b10  __TI_CINIT_Limit              
20000000  __stack                       
20000200  __STACK_END                   
20000200  __STACK_TOP                   
20000200  systemClock                   
20000204  SystemCoreClock               
ffffffff  __TI_pprof_out_hndl           
ffffffff  __TI_prof_data_size           
ffffffff  __TI_prof_data_start          
ffffffff  __binit__                     
ffffffff  __c_args__                    
ffffffff  binit                         
UNDEFED   __mpu_init                    
UNDEFED   _system_post_cinit            

[148 symbols]
