******************************************************************************
                  TI ARM Linker PC v18.1.8                     
******************************************************************************
>> Linked Sun Oct 24 15:48:57 2021

OUTPUT FILE NAME:   <MSP432_PWM.out>
ENTRY POINT SYMBOL: "_c_int00_noargs"  address: 000007f5


MEMORY CONFIGURATION

         name            origin    length      used     unused   attr    fill
----------------------  --------  ---------  --------  --------  ----  --------
  FLASH                 00000000   00100000  00000aec  000ff514  R  X
  SRAM                  20000000   00040000  00000208  0003fdf8  RW X


SEGMENT ALLOCATION MAP

run origin  load origin   length   init length attrs members
----------  ----------- ---------- ----------- ----- -------
00000000    00000000    00000af0   00000af0    r-x
  00000000    00000000    00000208   00000208    r-- .intvecs
  00000208    00000208    000006a4   000006a4    r-x .text
  000008ac    000008ac    00000210   00000210    r-- .const
  00000ac0    00000ac0    00000030   00000030    r-- .cinit
20000000    20000000    00000208   00000000    rw-
  20000000    20000000    00000200   00000000    rw- .stack
  20000200    20000200    00000004   00000000    rw- .bss
  20000204    20000204    00000004   00000000    rw- .data


SECTION ALLOCATION MAP

 output                                  attributes/
section   page    origin      length       input sections
--------  ----  ----------  ----------   ----------------
.intvecs   0    00000000    00000208     
                  00000000    00000208     startup_msp432e401y_ccs.obj (.intvecs:retain)

.text      0    00000208    000006a4     
                  00000208    000002e0     msp432e4_driverlib.a : sysctl.o (.text:SysCtlClockFreqSet)
                  000004e8    0000009c     rtsv7M4_T_le_v4SPD16_eabi.lib : memcpy_t2.asm.obj (.text)
                  00000584    00000090     main.obj (.text:PWM_init)
                  00000614    00000090     msp432e4_driverlib.a : sysctl.o (.text:_SysCtlFrequencyGet)
                  000006a4    00000068     rtsv7M4_T_le_v4SPD16_eabi.lib : copy_decompress_lzss.c.obj (.text:decompress:lzss:__TI_decompress_lzss)
                  0000070c    00000060     main.obj (.text:main)
                  0000076c    00000044     msp432e4_driverlib.a : sysctl.o (.text:_SysCtlMemTimingGet)
                  000007b0    00000044     rtsv7M4_T_le_v4SPD16_eabi.lib : autoinit.c.obj (.text:__TI_auto_init_nobinit_nopinit:__TI_auto_init_nobinit_nopinit)
                  000007f4    00000038                                   : boot_cortex_m.c.obj (.text:_c_int00_noargs:_c_int00_noargs)
                  0000082c    00000020     system_msp432e401y.obj (.text:SystemInit)
                  0000084c    00000020     main.obj (.text:gpio_init)
                  0000086c    0000001c     rtsv7M4_T_le_v4SPD16_eabi.lib : copy_zero_init.c.obj (.text:decompress:ZI:__TI_zero_init_nomemset:__TI_zero_init_nomemset)
                  00000888    0000000e                                   : copy_decompress_none.c.obj (.text:decompress:none:__TI_decompress_none)
                  00000896    0000000c     startup_msp432e401y_ccs.obj (.text:Reset_Handler)
                  000008a2    00000004     rtsv7M4_T_le_v4SPD16_eabi.lib : pre_init.c.obj (.text:_system_pre_init)
                  000008a6    00000004                                   : exit.c.obj (.text:abort:abort)
                  000008aa    00000002     startup_msp432e401y_ccs.obj (.text:Default_Handler)

.const     0    000008ac    00000210     
                  000008ac    000001b0     msp432e4_driverlib.a : sysctl.o (.const:g_pppui32XTALtoVCO)
                  00000a5c    00000030                          : sysctl.o (.const:g_sXTALtoMEMTIM)
                  00000a8c    00000028                          : sysctl.o (.const:g_pui32Xtals)
                  00000ab4    00000008                          : sysctl.o (.const:g_pui32VCOFrequencies)

.cinit     0    00000ac0    00000030     
                  00000ac0    0000000c     (__TI_handler_table)
                  00000acc    00000004     --HOLE-- [fill = 0]
                  00000ad0    00000008     (.cinit..bss.load) [load image, compression = zero_init]
                  00000ad8    00000008     (.cinit..data.load) [load image, compression = lzss]
                  00000ae0    00000010     (__TI_cinit_table)

.init_array 
*          0    00000000    00000000     UNINITIALIZED

.bss       0    20000200    00000004     UNINITIALIZED
                  20000200    00000004     (.common:systemClock)

.data      0    20000204    00000004     UNINITIALIZED
                  20000204    00000004     system_msp432e401y.obj (.data)

.stack     0    20000000    00000200     UNINITIALIZED
                  20000000    00000004     rtsv7M4_T_le_v4SPD16_eabi.lib : boot_cortex_m.c.obj (.stack)
                  20000004    000001fc     --HOLE--

MODULE SUMMARY

       Module                        code   ro data   rw data
       ------                        ----   -------   -------
    .\
       main.obj                      272    0         4      
       system_msp432e401y.obj        32     0         4      
    +--+-----------------------------+------+---------+---------+
       Total:                        304    0         8      
                                                             
    .\ccs\
       startup_msp432e401y_ccs.obj   14     520       0      
    +--+-----------------------------+------+---------+---------+
       Total:                        14     520       0      
                                                             
    D:/ccs/simplelink_msp432e4_sdk_4_20_00_12/source/ti/devices/msp432e4/driverlib/lib/ccs/m4f/msp432e4_driverlib.a
       sysctl.o                      948    528       0      
    +--+-----------------------------+------+---------+---------+
       Total:                        948    528       0      
                                                             
    D:\ccs\ccsv8\tools\compiler\ti-cgt-arm_18.1.8.LTS\lib\rtsv7M4_T_le_v4SPD16_eabi.lib
       memcpy_t2.asm.obj             156    0         0      
       copy_decompress_lzss.c.obj    104    0         0      
       autoinit.c.obj                68     0         0      
       boot_cortex_m.c.obj           56     0         0      
       copy_zero_init.c.obj          28     0         0      
       copy_decompress_none.c.obj    14     0         0      
       exit.c.obj                    4      0         0      
       pre_init.c.obj                4      0         0      
    +--+-----------------------------+------+---------+---------+
       Total:                        434    0         0      
                                                             
       Stack:                        0      0         512    
       Linker Generated:             0      44        0      
    +--+-----------------------------+------+---------+---------+
       Grand Total:                  1700   1092      520    


LINKER GENERATED COPY TABLES

__TI_cinit_table @ 00000ae0 records: 2, size/record: 8, table size: 16
	.bss: load addr=00000ad0, load size=00000008 bytes, run addr=20000200, run size=00000004 bytes, compression=zero_init
	.data: load addr=00000ad8, load size=00000008 bytes, run addr=20000204, run size=00000004 bytes, compression=lzss


LINKER GENERATED HANDLER TABLE

__TI_handler_table @ 00000ac0 records: 3, size/record: 4, table size: 12
	index: 0, handler: __TI_decompress_lzss
	index: 1, handler: __TI_decompress_none
	index: 2, handler: __TI_zero_init


GLOBAL SYMBOLS: SORTED ALPHABETICALLY BY Name 

address   name                          
-------   ----                          
000008ab  ADC0SS0_IRQHandler            
000008ab  ADC0SS1_IRQHandler            
000008ab  ADC0SS2_IRQHandler            
000008ab  ADC0SS3_IRQHandler            
000008ab  ADC1SS0_IRQHandler            
000008ab  ADC1SS1_IRQHandler            
000008ab  ADC1SS2_IRQHandler            
000008ab  ADC1SS3_IRQHandler            
000008ab  AES0_IRQHandler               
000008ab  BusFault_Handler              
000008a7  C$$EXIT                       
000008ab  CAN0_IRQHandler               
000008ab  CAN1_IRQHandler               
000008ab  COMP0_IRQHandler              
000008ab  COMP1_IRQHandler              
000008ab  COMP2_IRQHandler              
000008ab  DES0_IRQHandler               
000008ab  DebugMon_Handler              
000008ab  Default_Handler               
000008ab  EMAC0_IRQHandler              
000008ab  EPI0_IRQHandler               
000008ab  FLASH_IRQHandler              
000008ab  GPIOA_IRQHandler              
000008ab  GPIOB_IRQHandler              
000008ab  GPIOC_IRQHandler              
000008ab  GPIOD_IRQHandler              
000008ab  GPIOE_IRQHandler              
000008ab  GPIOF_IRQHandler              
000008ab  GPIOG_IRQHandler              
000008ab  GPIOH_IRQHandler              
000008ab  GPIOJ_IRQHandler              
000008ab  GPIOK_IRQHandler              
000008ab  GPIOL_IRQHandler              
000008ab  GPIOM_IRQHandler              
000008ab  GPION_IRQHandler              
000008ab  GPIOP0_IRQHandler             
000008ab  GPIOP1_IRQHandler             
000008ab  GPIOP2_IRQHandler             
000008ab  GPIOP3_IRQHandler             
000008ab  GPIOP4_IRQHandler             
000008ab  GPIOP5_IRQHandler             
000008ab  GPIOP6_IRQHandler             
000008ab  GPIOP7_IRQHandler             
000008ab  GPIOQ0_IRQHandler             
000008ab  GPIOQ1_IRQHandler             
000008ab  GPIOQ2_IRQHandler             
000008ab  GPIOQ3_IRQHandler             
000008ab  GPIOQ4_IRQHandler             
000008ab  GPIOQ5_IRQHandler             
000008ab  GPIOQ6_IRQHandler             
000008ab  GPIOQ7_IRQHandler             
000008ab  HIBERNATE_IRQHandler          
000008ab  HardFault_Handler             
000008ab  I2C0_IRQHandler               
000008ab  I2C1_IRQHandler               
000008ab  I2C2_IRQHandler               
000008ab  I2C3_IRQHandler               
000008ab  I2C4_IRQHandler               
000008ab  I2C5_IRQHandler               
000008ab  I2C6_IRQHandler               
000008ab  I2C7_IRQHandler               
000008ab  I2C8_IRQHandler               
000008ab  I2C9_IRQHandler               
000008ab  MemManage_Handler             
000008ab  NMI_Handler                   
000008ab  PWM0_0_IRQHandler             
000008ab  PWM0_1_IRQHandler             
000008ab  PWM0_2_IRQHandler             
000008ab  PWM0_3_IRQHandler             
000008ab  PWM0_FAULT_IRQHandler         
00000585  PWM_init                      
000008ab  PendSV_Handler                
000008ab  QEI0_IRQHandler               
00000897  Reset_Handler                 
000008ab  SHA0_IRQHandler               
000008ab  SSI0_IRQHandler               
000008ab  SSI1_IRQHandler               
000008ab  SSI2_IRQHandler               
000008ab  SSI3_IRQHandler               
000008ab  SVC_Handler                   
000008ab  SYSCTL_IRQHandler             
000008ab  SYSEXC_IRQHandler             
00000209  SysCtlClockFreqSet            
000008ab  SysTick_Handler               
20000204  SystemCoreClock               
0000082d  SystemInit                    
000008ab  TAMPER0_IRQHandler            
000008ab  TIMER0A_IRQHandler            
000008ab  TIMER0B_IRQHandler            
000008ab  TIMER1A_IRQHandler            
000008ab  TIMER1B_IRQHandler            
000008ab  TIMER2A_IRQHandler            
000008ab  TIMER2B_IRQHandler            
000008ab  TIMER3A_IRQHandler            
000008ab  TIMER3B_IRQHandler            
000008ab  TIMER4A_IRQHandler            
000008ab  TIMER4B_IRQHandler            
000008ab  TIMER5A_IRQHandler            
000008ab  TIMER5B_IRQHandler            
000008ab  TIMER6A_IRQHandler            
000008ab  TIMER6B_IRQHandler            
000008ab  TIMER7A_IRQHandler            
000008ab  TIMER7B_IRQHandler            
000008ab  UART0_IRQHandler              
000008ab  UART1_IRQHandler              
000008ab  UART2_IRQHandler              
000008ab  UART3_IRQHandler              
000008ab  UART4_IRQHandler              
000008ab  UART5_IRQHandler              
000008ab  UART6_IRQHandler              
000008ab  UART7_IRQHandler              
000008ab  UDMAERR_IRQHandler            
000008ab  UDMA_IRQHandler               
000008ab  USB0_IRQHandler               
000008ab  UsageFault_Handler            
000008ab  WATCHDOG_IRQHandler           
20000200  __STACK_END                   
00000200  __STACK_SIZE                  
20000200  __STACK_TOP                   
00000ae0  __TI_CINIT_Base               
00000af0  __TI_CINIT_Limit              
00000ac0  __TI_Handler_Table_Base       
00000acc  __TI_Handler_Table_Limit      
000007b1  __TI_auto_init_nobinit_nopinit
000006a5  __TI_decompress_lzss          
00000889  __TI_decompress_none          
ffffffff  __TI_pprof_out_hndl           
ffffffff  __TI_prof_data_size           
ffffffff  __TI_prof_data_start          
00000000  __TI_static_base__            
0000086d  __TI_zero_init_nomemset       
000004e9  __aeabi_memcpy                
000004e9  __aeabi_memcpy4               
000004e9  __aeabi_memcpy8               
ffffffff  __binit__                     
ffffffff  __c_args__                    
UNDEFED   __mpu_init                    
20000000  __stack                       
000007f5  _c_int00_noargs               
UNDEFED   _system_post_cinit            
000008a3  _system_pre_init              
000008a7  abort                         
ffffffff  binit                         
0000084d  gpio_init                     
00000000  interruptVectors              
0000070d  main                          
000004e9  memcpy                        
20000200  systemClock                   


GLOBAL SYMBOLS: SORTED BY Symbol Address 

address   name                          
-------   ----                          
00000000  __TI_static_base__            
00000000  interruptVectors              
00000200  __STACK_SIZE                  
00000209  SysCtlClockFreqSet            
000004e9  __aeabi_memcpy                
000004e9  __aeabi_memcpy4               
000004e9  __aeabi_memcpy8               
000004e9  memcpy                        
00000585  PWM_init                      
000006a5  __TI_decompress_lzss          
0000070d  main                          
000007b1  __TI_auto_init_nobinit_nopinit
000007f5  _c_int00_noargs               
0000082d  SystemInit                    
0000084d  gpio_init                     
0000086d  __TI_zero_init_nomemset       
00000889  __TI_decompress_none          
00000897  Reset_Handler                 
000008a3  _system_pre_init              
000008a7  C$$EXIT                       
000008a7  abort                         
000008ab  ADC0SS0_IRQHandler            
000008ab  ADC0SS1_IRQHandler            
000008ab  ADC0SS2_IRQHandler            
000008ab  ADC0SS3_IRQHandler            
000008ab  ADC1SS0_IRQHandler            
000008ab  ADC1SS1_IRQHandler            
000008ab  ADC1SS2_IRQHandler            
000008ab  ADC1SS3_IRQHandler            
000008ab  AES0_IRQHandler               
000008ab  BusFault_Handler              
000008ab  CAN0_IRQHandler               
000008ab  CAN1_IRQHandler               
000008ab  COMP0_IRQHandler              
000008ab  COMP1_IRQHandler              
000008ab  COMP2_IRQHandler              
000008ab  DES0_IRQHandler               
000008ab  DebugMon_Handler              
000008ab  Default_Handler               
000008ab  EMAC0_IRQHandler              
000008ab  EPI0_IRQHandler               
000008ab  FLASH_IRQHandler              
000008ab  GPIOA_IRQHandler              
000008ab  GPIOB_IRQHandler              
000008ab  GPIOC_IRQHandler              
000008ab  GPIOD_IRQHandler              
000008ab  GPIOE_IRQHandler              
000008ab  GPIOF_IRQHandler              
000008ab  GPIOG_IRQHandler              
000008ab  GPIOH_IRQHandler              
000008ab  GPIOJ_IRQHandler              
000008ab  GPIOK_IRQHandler              
000008ab  GPIOL_IRQHandler              
000008ab  GPIOM_IRQHandler              
000008ab  GPION_IRQHandler              
000008ab  GPIOP0_IRQHandler             
000008ab  GPIOP1_IRQHandler             
000008ab  GPIOP2_IRQHandler             
000008ab  GPIOP3_IRQHandler             
000008ab  GPIOP4_IRQHandler             
000008ab  GPIOP5_IRQHandler             
000008ab  GPIOP6_IRQHandler             
000008ab  GPIOP7_IRQHandler             
000008ab  GPIOQ0_IRQHandler             
000008ab  GPIOQ1_IRQHandler             
000008ab  GPIOQ2_IRQHandler             
000008ab  GPIOQ3_IRQHandler             
000008ab  GPIOQ4_IRQHandler             
000008ab  GPIOQ5_IRQHandler             
000008ab  GPIOQ6_IRQHandler             
000008ab  GPIOQ7_IRQHandler             
000008ab  HIBERNATE_IRQHandler          
000008ab  HardFault_Handler             
000008ab  I2C0_IRQHandler               
000008ab  I2C1_IRQHandler               
000008ab  I2C2_IRQHandler               
000008ab  I2C3_IRQHandler               
000008ab  I2C4_IRQHandler               
000008ab  I2C5_IRQHandler               
000008ab  I2C6_IRQHandler               
000008ab  I2C7_IRQHandler               
000008ab  I2C8_IRQHandler               
000008ab  I2C9_IRQHandler               
000008ab  MemManage_Handler             
000008ab  NMI_Handler                   
000008ab  PWM0_0_IRQHandler             
000008ab  PWM0_1_IRQHandler             
000008ab  PWM0_2_IRQHandler             
000008ab  PWM0_3_IRQHandler             
000008ab  PWM0_FAULT_IRQHandler         
000008ab  PendSV_Handler                
000008ab  QEI0_IRQHandler               
000008ab  SHA0_IRQHandler               
000008ab  SSI0_IRQHandler               
000008ab  SSI1_IRQHandler               
000008ab  SSI2_IRQHandler               
000008ab  SSI3_IRQHandler               
000008ab  SVC_Handler                   
000008ab  SYSCTL_IRQHandler             
000008ab  SYSEXC_IRQHandler             
000008ab  SysTick_Handler               
000008ab  TAMPER0_IRQHandler            
000008ab  TIMER0A_IRQHandler            
000008ab  TIMER0B_IRQHandler            
000008ab  TIMER1A_IRQHandler            
000008ab  TIMER1B_IRQHandler            
000008ab  TIMER2A_IRQHandler            
000008ab  TIMER2B_IRQHandler            
000008ab  TIMER3A_IRQHandler            
000008ab  TIMER3B_IRQHandler            
000008ab  TIMER4A_IRQHandler            
000008ab  TIMER4B_IRQHandler            
000008ab  TIMER5A_IRQHandler            
000008ab  TIMER5B_IRQHandler            
000008ab  TIMER6A_IRQHandler            
000008ab  TIMER6B_IRQHandler            
000008ab  TIMER7A_IRQHandler            
000008ab  TIMER7B_IRQHandler            
000008ab  UART0_IRQHandler              
000008ab  UART1_IRQHandler              
000008ab  UART2_IRQHandler              
000008ab  UART3_IRQHandler              
000008ab  UART4_IRQHandler              
000008ab  UART5_IRQHandler              
000008ab  UART6_IRQHandler              
000008ab  UART7_IRQHandler              
000008ab  UDMAERR_IRQHandler            
000008ab  UDMA_IRQHandler               
000008ab  USB0_IRQHandler               
000008ab  UsageFault_Handler            
000008ab  WATCHDOG_IRQHandler           
00000ac0  __TI_Handler_Table_Base       
00000acc  __TI_Handler_Table_Limit      
00000ae0  __TI_CINIT_Base               
00000af0  __TI_CINIT_Limit              
20000000  __stack                       
20000200  __STACK_END                   
20000200  __STACK_TOP                   
20000200  systemClock                   
20000204  SystemCoreClock               
ffffffff  __TI_pprof_out_hndl           
ffffffff  __TI_prof_data_size           
ffffffff  __TI_prof_data_start          
ffffffff  __binit__                     
ffffffff  __c_args__                    
ffffffff  binit                         
UNDEFED   __mpu_init                    
UNDEFED   _system_post_cinit            

[148 symbols]
