******************************************************************************
                  TI ARM Linker PC v18.1.8                     
******************************************************************************
>> Linked Sun Oct  3 16:32:31 2021

OUTPUT FILE NAME:   <empty_MSP_EXP432E401Y_nortos_ccs.out>
ENTRY POINT SYMBOL: "_c_int00_noargs"  address: 00000429


MEMORY CONFIGURATION

         name            origin    length      used     unused   attr    fill
----------------------  --------  ---------  --------  --------  ----  --------
  FLASH                 00000000   00100000  00000510  000ffaf0  R  X
  SRAM                  20000000   00040000  00000204  0003fdfc  RW X


SEGMENT ALLOCATION MAP

run origin  load origin   length   init length attrs members
----------  ----------- ---------- ----------- ----- -------
00000000    00000000    00000510   00000510    r-x
  00000000    00000000    00000208   00000208    r-- .intvecs
  00000208    00000208    000002f0   000002f0    r-x .text
  000004f8    000004f8    00000018   00000018    r-- .cinit
20000000    20000000    00000204   00000000    rw-
  20000000    20000000    00000200   00000000    rw- .stack
  20000200    20000200    00000004   00000000    rw- .data


SECTION ALLOCATION MAP

 output                                  attributes/
section   page    origin      length       input sections
--------  ----  ----------  ----------   ----------------
.intvecs   0    00000000    00000208     
                  00000000    00000208     startup_msp432e401y_ccs.obj (.intvecs:retain)

.text      0    00000208    000002f0     
                  00000208    0000009c     rtsv7M4_T_le_v4SPD16_eabi.lib : memcpy_t2.asm.obj (.text)
                  000002a4    00000068                                   : copy_decompress_lzss.c.obj (.text:decompress:lzss:__TI_decompress_lzss)
                  0000030c    00000050     main.obj (.text:main)
                  0000035c    0000004c     main.obj (.text:key_interrupt_init)
                  000003a8    00000044     rtsv7M4_T_le_v4SPD16_eabi.lib : autoinit.c.obj (.text:__TI_auto_init_nobinit_nopinit:__TI_auto_init_nobinit_nopinit)
                  000003ec    0000003c     main.obj (.text:key_init)
                  00000428    00000038     rtsv7M4_T_le_v4SPD16_eabi.lib : boot_cortex_m.c.obj (.text:_c_int00_noargs:_c_int00_noargs)
                  00000460    00000034     main.obj (.text:GPIOJ_IRQHandler)
                  00000494    00000020     system_msp432e401y.obj (.text:SystemInit)
                  000004b4    00000020     main.obj (.text:led_init)
                  000004d4    0000000e     rtsv7M4_T_le_v4SPD16_eabi.lib : copy_decompress_none.c.obj (.text:decompress:none:__TI_decompress_none)
                  000004e2    0000000c     startup_msp432e401y_ccs.obj (.text:Reset_Handler)
                  000004ee    00000004     rtsv7M4_T_le_v4SPD16_eabi.lib : pre_init.c.obj (.text:_system_pre_init)
                  000004f2    00000004                                   : exit.c.obj (.text:abort:abort)
                  000004f6    00000002     startup_msp432e401y_ccs.obj (.text:Default_Handler)

.cinit     0    000004f8    00000018     
                  000004f8    00000008     (.cinit..data.load) [load image, compression = lzss]
                  00000500    00000008     (__TI_handler_table)
                  00000508    00000008     (__TI_cinit_table)

.init_array 
*          0    00000000    00000000     UNINITIALIZED

.data      0    20000200    00000004     UNINITIALIZED
                  20000200    00000004     system_msp432e401y.obj (.data)

.stack     0    20000000    00000200     UNINITIALIZED
                  20000000    00000004     rtsv7M4_T_le_v4SPD16_eabi.lib : boot_cortex_m.c.obj (.stack)
                  20000004    000001fc     --HOLE--

MODULE SUMMARY

       Module                        code   ro data   rw data
       ------                        ----   -------   -------
    .\
       main.obj                      300    0         0      
       system_msp432e401y.obj        32     0         4      
    +--+-----------------------------+------+---------+---------+
       Total:                        332    0         4      
                                                             
    .\ccs\
       startup_msp432e401y_ccs.obj   14     520       0      
    +--+-----------------------------+------+---------+---------+
       Total:                        14     520       0      
                                                             
    D:\ccs\ccsv8\tools\compiler\ti-cgt-arm_18.1.8.LTS\lib\rtsv7M4_T_le_v4SPD16_eabi.lib
       memcpy_t2.asm.obj             156    0         0      
       copy_decompress_lzss.c.obj    104    0         0      
       autoinit.c.obj                68     0         0      
       boot_cortex_m.c.obj           56     0         0      
       copy_decompress_none.c.obj    14     0         0      
       exit.c.obj                    4      0         0      
       pre_init.c.obj                4      0         0      
    +--+-----------------------------+------+---------+---------+
       Total:                        406    0         0      
                                                             
       Stack:                        0      0         512    
       Linker Generated:             0      24        0      
    +--+-----------------------------+------+---------+---------+
       Grand Total:                  752    544       516    


LINKER GENERATED COPY TABLES

__TI_cinit_table @ 00000508 records: 1, size/record: 8, table size: 8
	.data: load addr=000004f8, load size=00000008 bytes, run addr=20000200, run size=00000004 bytes, compression=lzss


LINKER GENERATED HANDLER TABLE

__TI_handler_table @ 00000500 records: 2, size/record: 4, table size: 8
	index: 0, handler: __TI_decompress_lzss
	index: 1, handler: __TI_decompress_none


GLOBAL SYMBOLS: SORTED ALPHABETICALLY BY Name 

address   name                          
-------   ----                          
000004f7  ADC0SS0_IRQHandler            
000004f7  ADC0SS1_IRQHandler            
000004f7  ADC0SS2_IRQHandler            
000004f7  ADC0SS3_IRQHandler            
000004f7  ADC1SS0_IRQHandler            
000004f7  ADC1SS1_IRQHandler            
000004f7  ADC1SS2_IRQHandler            
000004f7  ADC1SS3_IRQHandler            
000004f7  AES0_IRQHandler               
000004f7  BusFault_Handler              
000004f3  C$$EXIT                       
000004f7  CAN0_IRQHandler               
000004f7  CAN1_IRQHandler               
000004f7  COMP0_IRQHandler              
000004f7  COMP1_IRQHandler              
000004f7  COMP2_IRQHandler              
000004f7  DES0_IRQHandler               
000004f7  DebugMon_Handler              
000004f7  Default_Handler               
000004f7  EMAC0_IRQHandler              
000004f7  EPI0_IRQHandler               
000004f7  FLASH_IRQHandler              
000004f7  GPIOA_IRQHandler              
000004f7  GPIOB_IRQHandler              
000004f7  GPIOC_IRQHandler              
000004f7  GPIOD_IRQHandler              
000004f7  GPIOE_IRQHandler              
000004f7  GPIOF_IRQHandler              
000004f7  GPIOG_IRQHandler              
000004f7  GPIOH_IRQHandler              
00000461  GPIOJ_IRQHandler              
00000461  GPIOJ_IRQHandler              
000004f7  GPIOK_IRQHandler              
000004f7  GPIOL_IRQHandler              
000004f7  GPIOM_IRQHandler              
000004f7  GPION_IRQHandler              
000004f7  GPIOP0_IRQHandler             
000004f7  GPIOP1_IRQHandler             
000004f7  GPIOP2_IRQHandler             
000004f7  GPIOP3_IRQHandler             
000004f7  GPIOP4_IRQHandler             
000004f7  GPIOP5_IRQHandler             
000004f7  GPIOP6_IRQHandler             
000004f7  GPIOP7_IRQHandler             
000004f7  GPIOQ0_IRQHandler             
000004f7  GPIOQ1_IRQHandler             
000004f7  GPIOQ2_IRQHandler             
000004f7  GPIOQ3_IRQHandler             
000004f7  GPIOQ4_IRQHandler             
000004f7  GPIOQ5_IRQHandler             
000004f7  GPIOQ6_IRQHandler             
000004f7  GPIOQ7_IRQHandler             
000004f7  HIBERNATE_IRQHandler          
000004f7  HardFault_Handler             
000004f7  I2C0_IRQHandler               
000004f7  I2C1_IRQHandler               
000004f7  I2C2_IRQHandler               
000004f7  I2C3_IRQHandler               
000004f7  I2C4_IRQHandler               
000004f7  I2C5_IRQHandler               
000004f7  I2C6_IRQHandler               
000004f7  I2C7_IRQHandler               
000004f7  I2C8_IRQHandler               
000004f7  I2C9_IRQHandler               
000004f7  MemManage_Handler             
000004f7  NMI_Handler                   
000004f7  PWM0_0_IRQHandler             
000004f7  PWM0_1_IRQHandler             
000004f7  PWM0_2_IRQHandler             
000004f7  PWM0_3_IRQHandler             
000004f7  PWM0_FAULT_IRQHandler         
000004f7  PendSV_Handler                
000004f7  QEI0_IRQHandler               
000004e3  Reset_Handler                 
000004f7  SHA0_IRQHandler               
000004f7  SSI0_IRQHandler               
000004f7  SSI1_IRQHandler               
000004f7  SSI2_IRQHandler               
000004f7  SSI3_IRQHandler               
000004f7  SVC_Handler                   
000004f7  SYSCTL_IRQHandler             
000004f7  SYSEXC_IRQHandler             
000004f7  SysTick_Handler               
20000200  SystemCoreClock               
00000495  SystemInit                    
000004f7  TAMPER0_IRQHandler            
000004f7  TIMER0A_IRQHandler            
000004f7  TIMER0B_IRQHandler            
000004f7  TIMER1A_IRQHandler            
000004f7  TIMER1B_IRQHandler            
000004f7  TIMER2A_IRQHandler            
000004f7  TIMER2B_IRQHandler            
000004f7  TIMER3A_IRQHandler            
000004f7  TIMER3B_IRQHandler            
000004f7  TIMER4A_IRQHandler            
000004f7  TIMER4B_IRQHandler            
000004f7  TIMER5A_IRQHandler            
000004f7  TIMER5B_IRQHandler            
000004f7  TIMER6A_IRQHandler            
000004f7  TIMER6B_IRQHandler            
000004f7  TIMER7A_IRQHandler            
000004f7  TIMER7B_IRQHandler            
000004f7  UART0_IRQHandler              
000004f7  UART1_IRQHandler              
000004f7  UART2_IRQHandler              
000004f7  UART3_IRQHandler              
000004f7  UART4_IRQHandler              
000004f7  UART5_IRQHandler              
000004f7  UART6_IRQHandler              
000004f7  UART7_IRQHandler              
000004f7  UDMAERR_IRQHandler            
000004f7  UDMA_IRQHandler               
000004f7  USB0_IRQHandler               
000004f7  UsageFault_Handler            
000004f7  WATCHDOG_IRQHandler           
20000200  __STACK_END                   
00000200  __STACK_SIZE                  
20000200  __STACK_TOP                   
00000508  __TI_CINIT_Base               
00000510  __TI_CINIT_Limit              
00000500  __TI_Handler_Table_Base       
00000508  __TI_Handler_Table_Limit      
000003a9  __TI_auto_init_nobinit_nopinit
000002a5  __TI_decompress_lzss          
000004d5  __TI_decompress_none          
ffffffff  __TI_pprof_out_hndl           
ffffffff  __TI_prof_data_size           
ffffffff  __TI_prof_data_start          
00000000  __TI_static_base__            
00000209  __aeabi_memcpy                
00000209  __aeabi_memcpy4               
00000209  __aeabi_memcpy8               
ffffffff  __binit__                     
ffffffff  __c_args__                    
UNDEFED   __mpu_init                    
20000000  __stack                       
00000429  _c_int00_noargs               
UNDEFED   _system_post_cinit            
000004ef  _system_pre_init              
000004f3  abort                         
ffffffff  binit                         
00000000  interruptVectors              
000003ed  key_init                      
0000035d  key_interrupt_init            
000004b5  led_init                      
0000030d  main                          
00000209  memcpy                        


GLOBAL SYMBOLS: SORTED BY Symbol Address 

address   name                          
-------   ----                          
00000000  __TI_static_base__            
00000000  interruptVectors              
00000200  __STACK_SIZE                  
00000209  __aeabi_memcpy                
00000209  __aeabi_memcpy4               
00000209  __aeabi_memcpy8               
00000209  memcpy                        
000002a5  __TI_decompress_lzss          
0000030d  main                          
0000035d  key_interrupt_init            
000003a9  __TI_auto_init_nobinit_nopinit
000003ed  key_init                      
00000429  _c_int00_noargs               
00000461  GPIOJ_IRQHandler              
00000461  GPIOJ_IRQHandler              
00000495  SystemInit                    
000004b5  led_init                      
000004d5  __TI_decompress_none          
000004e3  Reset_Handler                 
000004ef  _system_pre_init              
000004f3  C$$EXIT                       
000004f3  abort                         
000004f7  ADC0SS0_IRQHandler            
000004f7  ADC0SS1_IRQHandler            
000004f7  ADC0SS2_IRQHandler            
000004f7  ADC0SS3_IRQHandler            
000004f7  ADC1SS0_IRQHandler            
000004f7  ADC1SS1_IRQHandler            
000004f7  ADC1SS2_IRQHandler            
000004f7  ADC1SS3_IRQHandler            
000004f7  AES0_IRQHandler               
000004f7  BusFault_Handler              
000004f7  CAN0_IRQHandler               
000004f7  CAN1_IRQHandler               
000004f7  COMP0_IRQHandler              
000004f7  COMP1_IRQHandler              
000004f7  COMP2_IRQHandler              
000004f7  DES0_IRQHandler               
000004f7  DebugMon_Handler              
000004f7  Default_Handler               
000004f7  EMAC0_IRQHandler              
000004f7  EPI0_IRQHandler               
000004f7  FLASH_IRQHandler              
000004f7  GPIOA_IRQHandler              
000004f7  GPIOB_IRQHandler              
000004f7  GPIOC_IRQHandler              
000004f7  GPIOD_IRQHandler              
000004f7  GPIOE_IRQHandler              
000004f7  GPIOF_IRQHandler              
000004f7  GPIOG_IRQHandler              
000004f7  GPIOH_IRQHandler              
000004f7  GPIOK_IRQHandler              
000004f7  GPIOL_IRQHandler              
000004f7  GPIOM_IRQHandler              
000004f7  GPION_IRQHandler              
000004f7  GPIOP0_IRQHandler             
000004f7  GPIOP1_IRQHandler             
000004f7  GPIOP2_IRQHandler             
000004f7  GPIOP3_IRQHandler             
000004f7  GPIOP4_IRQHandler             
000004f7  GPIOP5_IRQHandler             
000004f7  GPIOP6_IRQHandler             
000004f7  GPIOP7_IRQHandler             
000004f7  GPIOQ0_IRQHandler             
000004f7  GPIOQ1_IRQHandler             
000004f7  GPIOQ2_IRQHandler             
000004f7  GPIOQ3_IRQHandler             
000004f7  GPIOQ4_IRQHandler             
000004f7  GPIOQ5_IRQHandler             
000004f7  GPIOQ6_IRQHandler             
000004f7  GPIOQ7_IRQHandler             
000004f7  HIBERNATE_IRQHandler          
000004f7  HardFault_Handler             
000004f7  I2C0_IRQHandler               
000004f7  I2C1_IRQHandler               
000004f7  I2C2_IRQHandler               
000004f7  I2C3_IRQHandler               
000004f7  I2C4_IRQHandler               
000004f7  I2C5_IRQHandler               
000004f7  I2C6_IRQHandler               
000004f7  I2C7_IRQHandler               
000004f7  I2C8_IRQHandler               
000004f7  I2C9_IRQHandler               
000004f7  MemManage_Handler             
000004f7  NMI_Handler                   
000004f7  PWM0_0_IRQHandler             
000004f7  PWM0_1_IRQHandler             
000004f7  PWM0_2_IRQHandler             
000004f7  PWM0_3_IRQHandler             
000004f7  PWM0_FAULT_IRQHandler         
000004f7  PendSV_Handler                
000004f7  QEI0_IRQHandler               
000004f7  SHA0_IRQHandler               
000004f7  SSI0_IRQHandler               
000004f7  SSI1_IRQHandler               
000004f7  SSI2_IRQHandler               
000004f7  SSI3_IRQHandler               
000004f7  SVC_Handler                   
000004f7  SYSCTL_IRQHandler             
000004f7  SYSEXC_IRQHandler             
000004f7  SysTick_Handler               
000004f7  TAMPER0_IRQHandler            
000004f7  TIMER0A_IRQHandler            
000004f7  TIMER0B_IRQHandler            
000004f7  TIMER1A_IRQHandler            
000004f7  TIMER1B_IRQHandler            
000004f7  TIMER2A_IRQHandler            
000004f7  TIMER2B_IRQHandler            
000004f7  TIMER3A_IRQHandler            
000004f7  TIMER3B_IRQHandler            
000004f7  TIMER4A_IRQHandler            
000004f7  TIMER4B_IRQHandler            
000004f7  TIMER5A_IRQHandler            
000004f7  TIMER5B_IRQHandler            
000004f7  TIMER6A_IRQHandler            
000004f7  TIMER6B_IRQHandler            
000004f7  TIMER7A_IRQHandler            
000004f7  TIMER7B_IRQHandler            
000004f7  UART0_IRQHandler              
000004f7  UART1_IRQHandler              
000004f7  UART2_IRQHandler              
000004f7  UART3_IRQHandler              
000004f7  UART4_IRQHandler              
000004f7  UART5_IRQHandler              
000004f7  UART6_IRQHandler              
000004f7  UART7_IRQHandler              
000004f7  UDMAERR_IRQHandler            
000004f7  UDMA_IRQHandler               
000004f7  USB0_IRQHandler               
000004f7  UsageFault_Handler            
000004f7  WATCHDOG_IRQHandler           
00000500  __TI_Handler_Table_Base       
00000508  __TI_CINIT_Base               
00000508  __TI_Handler_Table_Limit      
00000510  __TI_CINIT_Limit              
20000000  __stack                       
20000200  SystemCoreClock               
20000200  __STACK_END                   
20000200  __STACK_TOP                   
ffffffff  __TI_pprof_out_hndl           
ffffffff  __TI_prof_data_size           
ffffffff  __TI_prof_data_start          
ffffffff  __binit__                     
ffffffff  __c_args__                    
ffffffff  binit                         
UNDEFED   __mpu_init                    
UNDEFED   _system_post_cinit            

[147 symbols]
