******************************************************************************
                  TI ARM Linker PC v18.1.8                     
******************************************************************************
>> Linked Wed Oct 13 14:57:15 2021

OUTPUT FILE NAME:   <MSP432_Other.out>
ENTRY POINT SYMBOL: "_c_int00_noargs"  address: 0000044d


MEMORY CONFIGURATION

         name            origin    length      used     unused   attr    fill
----------------------  --------  ---------  --------  --------  ----  --------
  FLASH                 00000000   00100000  00000534  000ffacc  R  X
  SRAM                  20000000   00040000  00000208  0003fdf8  RW X


SEGMENT ALLOCATION MAP

run origin  load origin   length   init length attrs members
----------  ----------- ---------- ----------- ----- -------
00000000    00000000    00000538   00000538    r-x
  00000000    00000000    00000208   00000208    r-- .intvecs
  00000208    00000208    000002fc   000002fc    r-x .text
  00000508    00000508    00000030   00000030    r-- .cinit
20000000    20000000    00000208   00000000    rw-
  20000000    20000000    00000200   00000000    rw- .stack
  20000200    20000200    00000004   00000000    rw- .bss
  20000204    20000204    00000004   00000000    rw- .data


SECTION ALLOCATION MAP

 output                                  attributes/
section   page    origin      length       input sections
--------  ----  ----------  ----------   ----------------
.intvecs   0    00000000    00000208     
                  00000000    00000208     startup_msp432e401y_ccs.obj (.intvecs:retain)

.text      0    00000208    000002fc     
                  00000208    0000009c     rtsv7M4_T_le_v4SPD16_eabi.lib : memcpy_t2.asm.obj (.text)
                  000002a4    0000006c     main.obj (.text:time_init)
                  00000310    00000068     rtsv7M4_T_le_v4SPD16_eabi.lib : copy_decompress_lzss.c.obj (.text:decompress:lzss:__TI_decompress_lzss)
                  00000378    00000048     main.obj (.text:TIMER0A_IRQHandler)
                  000003c0    00000048     main.obj (.text:main)
                  00000408    00000044     rtsv7M4_T_le_v4SPD16_eabi.lib : autoinit.c.obj (.text:__TI_auto_init_nobinit_nopinit:__TI_auto_init_nobinit_nopinit)
                  0000044c    00000038                                   : boot_cortex_m.c.obj (.text:_c_int00_noargs:_c_int00_noargs)
                  00000484    00000020     system_msp432e401y.obj (.text:SystemInit)
                  000004a4    00000020     main.obj (.text:gpio_init)
                  000004c4    0000001c     rtsv7M4_T_le_v4SPD16_eabi.lib : copy_zero_init.c.obj (.text:decompress:ZI:__TI_zero_init_nomemset:__TI_zero_init_nomemset)
                  000004e0    0000000e                                   : copy_decompress_none.c.obj (.text:decompress:none:__TI_decompress_none)
                  000004ee    0000000c     startup_msp432e401y_ccs.obj (.text:Reset_Handler)
                  000004fa    00000004     rtsv7M4_T_le_v4SPD16_eabi.lib : pre_init.c.obj (.text:_system_pre_init)
                  000004fe    00000004                                   : exit.c.obj (.text:abort:abort)
                  00000502    00000002     startup_msp432e401y_ccs.obj (.text:Default_Handler)

.cinit     0    00000508    00000030     
                  00000508    0000000c     (__TI_handler_table)
                  00000514    00000004     --HOLE-- [fill = 0]
                  00000518    00000008     (.cinit..bss.load) [load image, compression = zero_init]
                  00000520    00000008     (.cinit..data.load) [load image, compression = lzss]
                  00000528    00000010     (__TI_cinit_table)

.init_array 
*          0    00000000    00000000     UNINITIALIZED

.bss       0    20000200    00000004     UNINITIALIZED
                  20000200    00000004     (.common:timer_A_count)

.data      0    20000204    00000004     UNINITIALIZED
                  20000204    00000004     system_msp432e401y.obj (.data)

.stack     0    20000000    00000200     UNINITIALIZED
                  20000000    00000004     rtsv7M4_T_le_v4SPD16_eabi.lib : boot_cortex_m.c.obj (.stack)
                  20000004    000001fc     --HOLE--

MODULE SUMMARY

       Module                        code   ro data   rw data
       ------                        ----   -------   -------
    .\
       main.obj                      284    0         4      
       system_msp432e401y.obj        32     0         4      
    +--+-----------------------------+------+---------+---------+
       Total:                        316    0         8      
                                                             
    .\ccs\
       startup_msp432e401y_ccs.obj   14     520       0      
    +--+-----------------------------+------+---------+---------+
       Total:                        14     520       0      
                                                             
    D:\ccs\ccsv8\tools\compiler\ti-cgt-arm_18.1.8.LTS\lib\rtsv7M4_T_le_v4SPD16_eabi.lib
       memcpy_t2.asm.obj             156    0         0      
       copy_decompress_lzss.c.obj    104    0         0      
       autoinit.c.obj                68     0         0      
       boot_cortex_m.c.obj           56     0         0      
       copy_zero_init.c.obj          28     0         0      
       copy_decompress_none.c.obj    14     0         0      
       exit.c.obj                    4      0         0      
       pre_init.c.obj                4      0         0      
    +--+-----------------------------+------+---------+---------+
       Total:                        434    0         0      
                                                             
       Stack:                        0      0         512    
       Linker Generated:             0      44        0      
    +--+-----------------------------+------+---------+---------+
       Grand Total:                  764    564       520    


LINKER GENERATED COPY TABLES

__TI_cinit_table @ 00000528 records: 2, size/record: 8, table size: 16
	.bss: load addr=00000518, load size=00000008 bytes, run addr=20000200, run size=00000004 bytes, compression=zero_init
	.data: load addr=00000520, load size=00000008 bytes, run addr=20000204, run size=00000004 bytes, compression=lzss


LINKER GENERATED HANDLER TABLE

__TI_handler_table @ 00000508 records: 3, size/record: 4, table size: 12
	index: 0, handler: __TI_decompress_lzss
	index: 1, handler: __TI_decompress_none
	index: 2, handler: __TI_zero_init


GLOBAL SYMBOLS: SORTED ALPHABETICALLY BY Name 

address   name                          
-------   ----                          
00000503  ADC0SS0_IRQHandler            
00000503  ADC0SS1_IRQHandler            
00000503  ADC0SS2_IRQHandler            
00000503  ADC0SS3_IRQHandler            
00000503  ADC1SS0_IRQHandler            
00000503  ADC1SS1_IRQHandler            
00000503  ADC1SS2_IRQHandler            
00000503  ADC1SS3_IRQHandler            
00000503  AES0_IRQHandler               
00000503  BusFault_Handler              
000004ff  C$$EXIT                       
00000503  CAN0_IRQHandler               
00000503  CAN1_IRQHandler               
00000503  COMP0_IRQHandler              
00000503  COMP1_IRQHandler              
00000503  COMP2_IRQHandler              
00000503  DES0_IRQHandler               
00000503  DebugMon_Handler              
00000503  Default_Handler               
00000503  EMAC0_IRQHandler              
00000503  EPI0_IRQHandler               
00000503  FLASH_IRQHandler              
00000503  GPIOA_IRQHandler              
00000503  GPIOB_IRQHandler              
00000503  GPIOC_IRQHandler              
00000503  GPIOD_IRQHandler              
00000503  GPIOE_IRQHandler              
00000503  GPIOF_IRQHandler              
00000503  GPIOG_IRQHandler              
00000503  GPIOH_IRQHandler              
00000503  GPIOJ_IRQHandler              
00000503  GPIOK_IRQHandler              
00000503  GPIOL_IRQHandler              
00000503  GPIOM_IRQHandler              
00000503  GPION_IRQHandler              
00000503  GPIOP0_IRQHandler             
00000503  GPIOP1_IRQHandler             
00000503  GPIOP2_IRQHandler             
00000503  GPIOP3_IRQHandler             
00000503  GPIOP4_IRQHandler             
00000503  GPIOP5_IRQHandler             
00000503  GPIOP6_IRQHandler             
00000503  GPIOP7_IRQHandler             
00000503  GPIOQ0_IRQHandler             
00000503  GPIOQ1_IRQHandler             
00000503  GPIOQ2_IRQHandler             
00000503  GPIOQ3_IRQHandler             
00000503  GPIOQ4_IRQHandler             
00000503  GPIOQ5_IRQHandler             
00000503  GPIOQ6_IRQHandler             
00000503  GPIOQ7_IRQHandler             
00000503  HIBERNATE_IRQHandler          
00000503  HardFault_Handler             
00000503  I2C0_IRQHandler               
00000503  I2C1_IRQHandler               
00000503  I2C2_IRQHandler               
00000503  I2C3_IRQHandler               
00000503  I2C4_IRQHandler               
00000503  I2C5_IRQHandler               
00000503  I2C6_IRQHandler               
00000503  I2C7_IRQHandler               
00000503  I2C8_IRQHandler               
00000503  I2C9_IRQHandler               
00000503  MemManage_Handler             
00000503  NMI_Handler                   
00000503  PWM0_0_IRQHandler             
00000503  PWM0_1_IRQHandler             
00000503  PWM0_2_IRQHandler             
00000503  PWM0_3_IRQHandler             
00000503  PWM0_FAULT_IRQHandler         
00000503  PendSV_Handler                
00000503  QEI0_IRQHandler               
000004ef  Reset_Handler                 
00000503  SHA0_IRQHandler               
00000503  SSI0_IRQHandler               
00000503  SSI1_IRQHandler               
00000503  SSI2_IRQHandler               
00000503  SSI3_IRQHandler               
00000503  SVC_Handler                   
00000503  SYSCTL_IRQHandler             
00000503  SYSEXC_IRQHandler             
00000503  SysTick_Handler               
20000204  SystemCoreClock               
00000485  SystemInit                    
00000503  TAMPER0_IRQHandler            
00000379  TIMER0A_IRQHandler            
00000379  TIMER0A_IRQHandler            
00000503  TIMER0B_IRQHandler            
00000503  TIMER1A_IRQHandler            
00000503  TIMER1B_IRQHandler            
00000503  TIMER2A_IRQHandler            
00000503  TIMER2B_IRQHandler            
00000503  TIMER3A_IRQHandler            
00000503  TIMER3B_IRQHandler            
00000503  TIMER4A_IRQHandler            
00000503  TIMER4B_IRQHandler            
00000503  TIMER5A_IRQHandler            
00000503  TIMER5B_IRQHandler            
00000503  TIMER6A_IRQHandler            
00000503  TIMER6B_IRQHandler            
00000503  TIMER7A_IRQHandler            
00000503  TIMER7B_IRQHandler            
00000503  UART0_IRQHandler              
00000503  UART1_IRQHandler              
00000503  UART2_IRQHandler              
00000503  UART3_IRQHandler              
00000503  UART4_IRQHandler              
00000503  UART5_IRQHandler              
00000503  UART6_IRQHandler              
00000503  UART7_IRQHandler              
00000503  UDMAERR_IRQHandler            
00000503  UDMA_IRQHandler               
00000503  USB0_IRQHandler               
00000503  UsageFault_Handler            
00000503  WATCHDOG_IRQHandler           
20000200  __STACK_END                   
00000200  __STACK_SIZE                  
20000200  __STACK_TOP                   
00000528  __TI_CINIT_Base               
00000538  __TI_CINIT_Limit              
00000508  __TI_Handler_Table_Base       
00000514  __TI_Handler_Table_Limit      
00000409  __TI_auto_init_nobinit_nopinit
00000311  __TI_decompress_lzss          
000004e1  __TI_decompress_none          
ffffffff  __TI_pprof_out_hndl           
ffffffff  __TI_prof_data_size           
ffffffff  __TI_prof_data_start          
00000000  __TI_static_base__            
000004c5  __TI_zero_init_nomemset       
00000209  __aeabi_memcpy                
00000209  __aeabi_memcpy4               
00000209  __aeabi_memcpy8               
ffffffff  __binit__                     
ffffffff  __c_args__                    
UNDEFED   __mpu_init                    
20000000  __stack                       
0000044d  _c_int00_noargs               
UNDEFED   _system_post_cinit            
000004fb  _system_pre_init              
000004ff  abort                         
ffffffff  binit                         
000004a5  gpio_init                     
00000000  interruptVectors              
000003c1  main                          
00000209  memcpy                        
000002a5  time_init                     
20000200  timer_A_count                 


GLOBAL SYMBOLS: SORTED BY Symbol Address 

address   name                          
-------   ----                          
00000000  __TI_static_base__            
00000000  interruptVectors              
00000200  __STACK_SIZE                  
00000209  __aeabi_memcpy                
00000209  __aeabi_memcpy4               
00000209  __aeabi_memcpy8               
00000209  memcpy                        
000002a5  time_init                     
00000311  __TI_decompress_lzss          
00000379  TIMER0A_IRQHandler            
00000379  TIMER0A_IRQHandler            
000003c1  main                          
00000409  __TI_auto_init_nobinit_nopinit
0000044d  _c_int00_noargs               
00000485  SystemInit                    
000004a5  gpio_init                     
000004c5  __TI_zero_init_nomemset       
000004e1  __TI_decompress_none          
000004ef  Reset_Handler                 
000004fb  _system_pre_init              
000004ff  C$$EXIT                       
000004ff  abort                         
00000503  ADC0SS0_IRQHandler            
00000503  ADC0SS1_IRQHandler            
00000503  ADC0SS2_IRQHandler            
00000503  ADC0SS3_IRQHandler            
00000503  ADC1SS0_IRQHandler            
00000503  ADC1SS1_IRQHandler            
00000503  ADC1SS2_IRQHandler            
00000503  ADC1SS3_IRQHandler            
00000503  AES0_IRQHandler               
00000503  BusFault_Handler              
00000503  CAN0_IRQHandler               
00000503  CAN1_IRQHandler               
00000503  COMP0_IRQHandler              
00000503  COMP1_IRQHandler              
00000503  COMP2_IRQHandler              
00000503  DES0_IRQHandler               
00000503  DebugMon_Handler              
00000503  Default_Handler               
00000503  EMAC0_IRQHandler              
00000503  EPI0_IRQHandler               
00000503  FLASH_IRQHandler              
00000503  GPIOA_IRQHandler              
00000503  GPIOB_IRQHandler              
00000503  GPIOC_IRQHandler              
00000503  GPIOD_IRQHandler              
00000503  GPIOE_IRQHandler              
00000503  GPIOF_IRQHandler              
00000503  GPIOG_IRQHandler              
00000503  GPIOH_IRQHandler              
00000503  GPIOJ_IRQHandler              
00000503  GPIOK_IRQHandler              
00000503  GPIOL_IRQHandler              
00000503  GPIOM_IRQHandler              
00000503  GPION_IRQHandler              
00000503  GPIOP0_IRQHandler             
00000503  GPIOP1_IRQHandler             
00000503  GPIOP2_IRQHandler             
00000503  GPIOP3_IRQHandler             
00000503  GPIOP4_IRQHandler             
00000503  GPIOP5_IRQHandler             
00000503  GPIOP6_IRQHandler             
00000503  GPIOP7_IRQHandler             
00000503  GPIOQ0_IRQHandler             
00000503  GPIOQ1_IRQHandler             
00000503  GPIOQ2_IRQHandler             
00000503  GPIOQ3_IRQHandler             
00000503  GPIOQ4_IRQHandler             
00000503  GPIOQ5_IRQHandler             
00000503  GPIOQ6_IRQHandler             
00000503  GPIOQ7_IRQHandler             
00000503  HIBERNATE_IRQHandler          
00000503  HardFault_Handler             
00000503  I2C0_IRQHandler               
00000503  I2C1_IRQHandler               
00000503  I2C2_IRQHandler               
00000503  I2C3_IRQHandler               
00000503  I2C4_IRQHandler               
00000503  I2C5_IRQHandler               
00000503  I2C6_IRQHandler               
00000503  I2C7_IRQHandler               
00000503  I2C8_IRQHandler               
00000503  I2C9_IRQHandler               
00000503  MemManage_Handler             
00000503  NMI_Handler                   
00000503  PWM0_0_IRQHandler             
00000503  PWM0_1_IRQHandler             
00000503  PWM0_2_IRQHandler             
00000503  PWM0_3_IRQHandler             
00000503  PWM0_FAULT_IRQHandler         
00000503  PendSV_Handler                
00000503  QEI0_IRQHandler               
00000503  SHA0_IRQHandler               
00000503  SSI0_IRQHandler               
00000503  SSI1_IRQHandler               
00000503  SSI2_IRQHandler               
00000503  SSI3_IRQHandler               
00000503  SVC_Handler                   
00000503  SYSCTL_IRQHandler             
00000503  SYSEXC_IRQHandler             
00000503  SysTick_Handler               
00000503  TAMPER0_IRQHandler            
00000503  TIMER0B_IRQHandler            
00000503  TIMER1A_IRQHandler            
00000503  TIMER1B_IRQHandler            
00000503  TIMER2A_IRQHandler            
00000503  TIMER2B_IRQHandler            
00000503  TIMER3A_IRQHandler            
00000503  TIMER3B_IRQHandler            
00000503  TIMER4A_IRQHandler            
00000503  TIMER4B_IRQHandler            
00000503  TIMER5A_IRQHandler            
00000503  TIMER5B_IRQHandler            
00000503  TIMER6A_IRQHandler            
00000503  TIMER6B_IRQHandler            
00000503  TIMER7A_IRQHandler            
00000503  TIMER7B_IRQHandler            
00000503  UART0_IRQHandler              
00000503  UART1_IRQHandler              
00000503  UART2_IRQHandler              
00000503  UART3_IRQHandler              
00000503  UART4_IRQHandler              
00000503  UART5_IRQHandler              
00000503  UART6_IRQHandler              
00000503  UART7_IRQHandler              
00000503  UDMAERR_IRQHandler            
00000503  UDMA_IRQHandler               
00000503  USB0_IRQHandler               
00000503  UsageFault_Handler            
00000503  WATCHDOG_IRQHandler           
00000508  __TI_Handler_Table_Base       
00000514  __TI_Handler_Table_Limit      
00000528  __TI_CINIT_Base               
00000538  __TI_CINIT_Limit              
20000000  __stack                       
20000200  __STACK_END                   
20000200  __STACK_TOP                   
20000200  timer_A_count                 
20000204  SystemCoreClock               
ffffffff  __TI_pprof_out_hndl           
ffffffff  __TI_prof_data_size           
ffffffff  __TI_prof_data_start          
ffffffff  __binit__                     
ffffffff  __c_args__                    
ffffffff  binit                         
UNDEFED   __mpu_init                    
UNDEFED   _system_post_cinit            

[148 symbols]
