******************************************************************************
                  TI ARM Linker PC v18.1.8                     
******************************************************************************
>> Linked Fri Oct 22 19:45:37 2021

OUTPUT FILE NAME:   <MSP432_TIME_PWM.out>
ENTRY POINT SYMBOL: "_c_int00_noargs"  address: 00000449


MEMORY CONFIGURATION

         name            origin    length      used     unused   attr    fill
----------------------  --------  ---------  --------  --------  ----  --------
  FLASH                 00000000   00100000  000004fc  000ffb04  R  X
  SRAM                  20000000   00040000  00000204  0003fdfc  RW X


SEGMENT ALLOCATION MAP

run origin  load origin   length   init length attrs members
----------  ----------- ---------- ----------- ----- -------
00000000    00000000    00000500   00000500    r-x
  00000000    00000000    00000208   00000208    r-- .intvecs
  00000208    00000208    000002dc   000002dc    r-x .text
  000004e8    000004e8    00000018   00000018    r-- .cinit
20000000    20000000    00000204   00000000    rw-
  20000000    20000000    00000200   00000000    rw- .stack
  20000200    20000200    00000004   00000000    rw- .data


SECTION ALLOCATION MAP

 output                                  attributes/
section   page    origin      length       input sections
--------  ----  ----------  ----------   ----------------
.intvecs   0    00000000    00000208     
                  00000000    00000208     startup_msp432e401y_ccs.obj (.intvecs:retain)

.text      0    00000208    000002dc     
                  00000208    000000b0     main.obj (.text:PWM_init)
                  000002b8    0000009c     rtsv7M4_T_le_v4SPD16_eabi.lib : memcpy_t2.asm.obj (.text)
                  00000354    00000068                                   : copy_decompress_lzss.c.obj (.text:decompress:lzss:__TI_decompress_lzss)
                  000003bc    00000048     main.obj (.text:main)
                  00000404    00000044     rtsv7M4_T_le_v4SPD16_eabi.lib : autoinit.c.obj (.text:__TI_auto_init_nobinit_nopinit:__TI_auto_init_nobinit_nopinit)
                  00000448    00000038                                   : boot_cortex_m.c.obj (.text:_c_int00_noargs:_c_int00_noargs)
                  00000480    00000020     system_msp432e401y.obj (.text:SystemInit)
                  000004a0    00000020     main.obj (.text:gpio_init)
                  000004c0    0000000e     rtsv7M4_T_le_v4SPD16_eabi.lib : copy_decompress_none.c.obj (.text:decompress:none:__TI_decompress_none)
                  000004ce    0000000c     startup_msp432e401y_ccs.obj (.text:Reset_Handler)
                  000004da    00000004     rtsv7M4_T_le_v4SPD16_eabi.lib : pre_init.c.obj (.text:_system_pre_init)
                  000004de    00000004                                   : exit.c.obj (.text:abort:abort)
                  000004e2    00000002     startup_msp432e401y_ccs.obj (.text:Default_Handler)

.cinit     0    000004e8    00000018     
                  000004e8    00000008     (.cinit..data.load) [load image, compression = lzss]
                  000004f0    00000008     (__TI_handler_table)
                  000004f8    00000008     (__TI_cinit_table)

.init_array 
*          0    00000000    00000000     UNINITIALIZED

.data      0    20000200    00000004     UNINITIALIZED
                  20000200    00000004     system_msp432e401y.obj (.data)

.stack     0    20000000    00000200     UNINITIALIZED
                  20000000    00000004     rtsv7M4_T_le_v4SPD16_eabi.lib : boot_cortex_m.c.obj (.stack)
                  20000004    000001fc     --HOLE--

MODULE SUMMARY

       Module                        code   ro data   rw data
       ------                        ----   -------   -------
    .\
       main.obj                      280    0         0      
       system_msp432e401y.obj        32     0         4      
    +--+-----------------------------+------+---------+---------+
       Total:                        312    0         4      
                                                             
    .\ccs\
       startup_msp432e401y_ccs.obj   14     520       0      
    +--+-----------------------------+------+---------+---------+
       Total:                        14     520       0      
                                                             
    D:\ccs\ccsv8\tools\compiler\ti-cgt-arm_18.1.8.LTS\lib\rtsv7M4_T_le_v4SPD16_eabi.lib
       memcpy_t2.asm.obj             156    0         0      
       copy_decompress_lzss.c.obj    104    0         0      
       autoinit.c.obj                68     0         0      
       boot_cortex_m.c.obj           56     0         0      
       copy_decompress_none.c.obj    14     0         0      
       exit.c.obj                    4      0         0      
       pre_init.c.obj                4      0         0      
    +--+-----------------------------+------+---------+---------+
       Total:                        406    0         0      
                                                             
       Stack:                        0      0         512    
       Linker Generated:             0      24        0      
    +--+-----------------------------+------+---------+---------+
       Grand Total:                  732    544       516    


LINKER GENERATED COPY TABLES

__TI_cinit_table @ 000004f8 records: 1, size/record: 8, table size: 8
	.data: load addr=000004e8, load size=00000008 bytes, run addr=20000200, run size=00000004 bytes, compression=lzss


LINKER GENERATED HANDLER TABLE

__TI_handler_table @ 000004f0 records: 2, size/record: 4, table size: 8
	index: 0, handler: __TI_decompress_lzss
	index: 1, handler: __TI_decompress_none


GLOBAL SYMBOLS: SORTED ALPHABETICALLY BY Name 

address   name                          
-------   ----                          
000004e3  ADC0SS0_IRQHandler            
000004e3  ADC0SS1_IRQHandler            
000004e3  ADC0SS2_IRQHandler            
000004e3  ADC0SS3_IRQHandler            
000004e3  ADC1SS0_IRQHandler            
000004e3  ADC1SS1_IRQHandler            
000004e3  ADC1SS2_IRQHandler            
000004e3  ADC1SS3_IRQHandler            
000004e3  AES0_IRQHandler               
000004e3  BusFault_Handler              
000004df  C$$EXIT                       
000004e3  CAN0_IRQHandler               
000004e3  CAN1_IRQHandler               
000004e3  COMP0_IRQHandler              
000004e3  COMP1_IRQHandler              
000004e3  COMP2_IRQHandler              
000004e3  DES0_IRQHandler               
000004e3  DebugMon_Handler              
000004e3  Default_Handler               
000004e3  EMAC0_IRQHandler              
000004e3  EPI0_IRQHandler               
000004e3  FLASH_IRQHandler              
000004e3  GPIOA_IRQHandler              
000004e3  GPIOB_IRQHandler              
000004e3  GPIOC_IRQHandler              
000004e3  GPIOD_IRQHandler              
000004e3  GPIOE_IRQHandler              
000004e3  GPIOF_IRQHandler              
000004e3  GPIOG_IRQHandler              
000004e3  GPIOH_IRQHandler              
000004e3  GPIOJ_IRQHandler              
000004e3  GPIOK_IRQHandler              
000004e3  GPIOL_IRQHandler              
000004e3  GPIOM_IRQHandler              
000004e3  GPION_IRQHandler              
000004e3  GPIOP0_IRQHandler             
000004e3  GPIOP1_IRQHandler             
000004e3  GPIOP2_IRQHandler             
000004e3  GPIOP3_IRQHandler             
000004e3  GPIOP4_IRQHandler             
000004e3  GPIOP5_IRQHandler             
000004e3  GPIOP6_IRQHandler             
000004e3  GPIOP7_IRQHandler             
000004e3  GPIOQ0_IRQHandler             
000004e3  GPIOQ1_IRQHandler             
000004e3  GPIOQ2_IRQHandler             
000004e3  GPIOQ3_IRQHandler             
000004e3  GPIOQ4_IRQHandler             
000004e3  GPIOQ5_IRQHandler             
000004e3  GPIOQ6_IRQHandler             
000004e3  GPIOQ7_IRQHandler             
000004e3  HIBERNATE_IRQHandler          
000004e3  HardFault_Handler             
000004e3  I2C0_IRQHandler               
000004e3  I2C1_IRQHandler               
000004e3  I2C2_IRQHandler               
000004e3  I2C3_IRQHandler               
000004e3  I2C4_IRQHandler               
000004e3  I2C5_IRQHandler               
000004e3  I2C6_IRQHandler               
000004e3  I2C7_IRQHandler               
000004e3  I2C8_IRQHandler               
000004e3  I2C9_IRQHandler               
000004e3  MemManage_Handler             
000004e3  NMI_Handler                   
000004e3  PWM0_0_IRQHandler             
000004e3  PWM0_1_IRQHandler             
000004e3  PWM0_2_IRQHandler             
000004e3  PWM0_3_IRQHandler             
000004e3  PWM0_FAULT_IRQHandler         
00000209  PWM_init                      
000004e3  PendSV_Handler                
000004e3  QEI0_IRQHandler               
000004cf  Reset_Handler                 
000004e3  SHA0_IRQHandler               
000004e3  SSI0_IRQHandler               
000004e3  SSI1_IRQHandler               
000004e3  SSI2_IRQHandler               
000004e3  SSI3_IRQHandler               
000004e3  SVC_Handler                   
000004e3  SYSCTL_IRQHandler             
000004e3  SYSEXC_IRQHandler             
000004e3  SysTick_Handler               
20000200  SystemCoreClock               
00000481  SystemInit                    
000004e3  TAMPER0_IRQHandler            
000004e3  TIMER0A_IRQHandler            
000004e3  TIMER0B_IRQHandler            
000004e3  TIMER1A_IRQHandler            
000004e3  TIMER1B_IRQHandler            
000004e3  TIMER2A_IRQHandler            
000004e3  TIMER2B_IRQHandler            
000004e3  TIMER3A_IRQHandler            
000004e3  TIMER3B_IRQHandler            
000004e3  TIMER4A_IRQHandler            
000004e3  TIMER4B_IRQHandler            
000004e3  TIMER5A_IRQHandler            
000004e3  TIMER5B_IRQHandler            
000004e3  TIMER6A_IRQHandler            
000004e3  TIMER6B_IRQHandler            
000004e3  TIMER7A_IRQHandler            
000004e3  TIMER7B_IRQHandler            
000004e3  UART0_IRQHandler              
000004e3  UART1_IRQHandler              
000004e3  UART2_IRQHandler              
000004e3  UART3_IRQHandler              
000004e3  UART4_IRQHandler              
000004e3  UART5_IRQHandler              
000004e3  UART6_IRQHandler              
000004e3  UART7_IRQHandler              
000004e3  UDMAERR_IRQHandler            
000004e3  UDMA_IRQHandler               
000004e3  USB0_IRQHandler               
000004e3  UsageFault_Handler            
000004e3  WATCHDOG_IRQHandler           
20000200  __STACK_END                   
00000200  __STACK_SIZE                  
20000200  __STACK_TOP                   
000004f8  __TI_CINIT_Base               
00000500  __TI_CINIT_Limit              
000004f0  __TI_Handler_Table_Base       
000004f8  __TI_Handler_Table_Limit      
00000405  __TI_auto_init_nobinit_nopinit
00000355  __TI_decompress_lzss          
000004c1  __TI_decompress_none          
ffffffff  __TI_pprof_out_hndl           
ffffffff  __TI_prof_data_size           
ffffffff  __TI_prof_data_start          
00000000  __TI_static_base__            
000002b9  __aeabi_memcpy                
000002b9  __aeabi_memcpy4               
000002b9  __aeabi_memcpy8               
ffffffff  __binit__                     
ffffffff  __c_args__                    
UNDEFED   __mpu_init                    
20000000  __stack                       
00000449  _c_int00_noargs               
UNDEFED   _system_post_cinit            
000004db  _system_pre_init              
000004df  abort                         
ffffffff  binit                         
000004a1  gpio_init                     
00000000  interruptVectors              
000003bd  main                          
000002b9  memcpy                        


GLOBAL SYMBOLS: SORTED BY Symbol Address 

address   name                          
-------   ----                          
00000000  __TI_static_base__            
00000000  interruptVectors              
00000200  __STACK_SIZE                  
00000209  PWM_init                      
000002b9  __aeabi_memcpy                
000002b9  __aeabi_memcpy4               
000002b9  __aeabi_memcpy8               
000002b9  memcpy                        
00000355  __TI_decompress_lzss          
000003bd  main                          
00000405  __TI_auto_init_nobinit_nopinit
00000449  _c_int00_noargs               
00000481  SystemInit                    
000004a1  gpio_init                     
000004c1  __TI_decompress_none          
000004cf  Reset_Handler                 
000004db  _system_pre_init              
000004df  C$$EXIT                       
000004df  abort                         
000004e3  ADC0SS0_IRQHandler            
000004e3  ADC0SS1_IRQHandler            
000004e3  ADC0SS2_IRQHandler            
000004e3  ADC0SS3_IRQHandler            
000004e3  ADC1SS0_IRQHandler            
000004e3  ADC1SS1_IRQHandler            
000004e3  ADC1SS2_IRQHandler            
000004e3  ADC1SS3_IRQHandler            
000004e3  AES0_IRQHandler               
000004e3  BusFault_Handler              
000004e3  CAN0_IRQHandler               
000004e3  CAN1_IRQHandler               
000004e3  COMP0_IRQHandler              
000004e3  COMP1_IRQHandler              
000004e3  COMP2_IRQHandler              
000004e3  DES0_IRQHandler               
000004e3  DebugMon_Handler              
000004e3  Default_Handler               
000004e3  EMAC0_IRQHandler              
000004e3  EPI0_IRQHandler               
000004e3  FLASH_IRQHandler              
000004e3  GPIOA_IRQHandler              
000004e3  GPIOB_IRQHandler              
000004e3  GPIOC_IRQHandler              
000004e3  GPIOD_IRQHandler              
000004e3  GPIOE_IRQHandler              
000004e3  GPIOF_IRQHandler              
000004e3  GPIOG_IRQHandler              
000004e3  GPIOH_IRQHandler              
000004e3  GPIOJ_IRQHandler              
000004e3  GPIOK_IRQHandler              
000004e3  GPIOL_IRQHandler              
000004e3  GPIOM_IRQHandler              
000004e3  GPION_IRQHandler              
000004e3  GPIOP0_IRQHandler             
000004e3  GPIOP1_IRQHandler             
000004e3  GPIOP2_IRQHandler             
000004e3  GPIOP3_IRQHandler             
000004e3  GPIOP4_IRQHandler             
000004e3  GPIOP5_IRQHandler             
000004e3  GPIOP6_IRQHandler             
000004e3  GPIOP7_IRQHandler             
000004e3  GPIOQ0_IRQHandler             
000004e3  GPIOQ1_IRQHandler             
000004e3  GPIOQ2_IRQHandler             
000004e3  GPIOQ3_IRQHandler             
000004e3  GPIOQ4_IRQHandler             
000004e3  GPIOQ5_IRQHandler             
000004e3  GPIOQ6_IRQHandler             
000004e3  GPIOQ7_IRQHandler             
000004e3  HIBERNATE_IRQHandler          
000004e3  HardFault_Handler             
000004e3  I2C0_IRQHandler               
000004e3  I2C1_IRQHandler               
000004e3  I2C2_IRQHandler               
000004e3  I2C3_IRQHandler               
000004e3  I2C4_IRQHandler               
000004e3  I2C5_IRQHandler               
000004e3  I2C6_IRQHandler               
000004e3  I2C7_IRQHandler               
000004e3  I2C8_IRQHandler               
000004e3  I2C9_IRQHandler               
000004e3  MemManage_Handler             
000004e3  NMI_Handler                   
000004e3  PWM0_0_IRQHandler             
000004e3  PWM0_1_IRQHandler             
000004e3  PWM0_2_IRQHandler             
000004e3  PWM0_3_IRQHandler             
000004e3  PWM0_FAULT_IRQHandler         
000004e3  PendSV_Handler                
000004e3  QEI0_IRQHandler               
000004e3  SHA0_IRQHandler               
000004e3  SSI0_IRQHandler               
000004e3  SSI1_IRQHandler               
000004e3  SSI2_IRQHandler               
000004e3  SSI3_IRQHandler               
000004e3  SVC_Handler                   
000004e3  SYSCTL_IRQHandler             
000004e3  SYSEXC_IRQHandler             
000004e3  SysTick_Handler               
000004e3  TAMPER0_IRQHandler            
000004e3  TIMER0A_IRQHandler            
000004e3  TIMER0B_IRQHandler            
000004e3  TIMER1A_IRQHandler            
000004e3  TIMER1B_IRQHandler            
000004e3  TIMER2A_IRQHandler            
000004e3  TIMER2B_IRQHandler            
000004e3  TIMER3A_IRQHandler            
000004e3  TIMER3B_IRQHandler            
000004e3  TIMER4A_IRQHandler            
000004e3  TIMER4B_IRQHandler            
000004e3  TIMER5A_IRQHandler            
000004e3  TIMER5B_IRQHandler            
000004e3  TIMER6A_IRQHandler            
000004e3  TIMER6B_IRQHandler            
000004e3  TIMER7A_IRQHandler            
000004e3  TIMER7B_IRQHandler            
000004e3  UART0_IRQHandler              
000004e3  UART1_IRQHandler              
000004e3  UART2_IRQHandler              
000004e3  UART3_IRQHandler              
000004e3  UART4_IRQHandler              
000004e3  UART5_IRQHandler              
000004e3  UART6_IRQHandler              
000004e3  UART7_IRQHandler              
000004e3  UDMAERR_IRQHandler            
000004e3  UDMA_IRQHandler               
000004e3  USB0_IRQHandler               
000004e3  UsageFault_Handler            
000004e3  WATCHDOG_IRQHandler           
000004f0  __TI_Handler_Table_Base       
000004f8  __TI_CINIT_Base               
000004f8  __TI_Handler_Table_Limit      
00000500  __TI_CINIT_Limit              
20000000  __stack                       
20000200  SystemCoreClock               
20000200  __STACK_END                   
20000200  __STACK_TOP                   
ffffffff  __TI_pprof_out_hndl           
ffffffff  __TI_prof_data_size           
ffffffff  __TI_prof_data_start          
ffffffff  __binit__                     
ffffffff  __c_args__                    
ffffffff  binit                         
UNDEFED   __mpu_init                    
UNDEFED   _system_post_cinit            

[145 symbols]
