******************************************************************************
                  TI ARM Linker PC v18.1.8                     
******************************************************************************
>> Linked Fri Oct 22 20:22:30 2021

OUTPUT FILE NAME:   <MSP432_TEST.out>
ENTRY POINT SYMBOL: "_c_int00_noargs"  address: 000007f5


MEMORY CONFIGURATION

         name            origin    length      used     unused   attr    fill
----------------------  --------  ---------  --------  --------  ----  --------
  FLASH                 00000000   00100000  00000a98  000ff568  R  X
  SRAM                  20000000   00040000  00000204  0003fdfc  RW X


SEGMENT ALLOCATION MAP

run origin  load origin   length   init length attrs members
----------  ----------- ---------- ----------- ----- -------
00000000    00000000    00000a98   00000a98    r-x
  00000000    00000000    00000208   00000208    r-- .intvecs
  00000208    00000208    00000668   00000668    r-x .text
  00000870    00000870    00000210   00000210    r-- .const
  00000a80    00000a80    00000018   00000018    r-- .cinit
20000000    20000000    00000204   00000000    rw-
  20000000    20000000    00000200   00000000    rw- .stack
  20000200    20000200    00000004   00000000    rw- .data


SECTION ALLOCATION MAP

 output                                  attributes/
section   page    origin      length       input sections
--------  ----  ----------  ----------   ----------------
.intvecs   0    00000000    00000208     
                  00000000    00000208     startup_msp432e401y_ccs.obj (.intvecs:retain)

.text      0    00000208    00000668     
                  00000208    000002e0     msp432e4_driverlib.a : sysctl.o (.text:SysCtlClockFreqSet)
                  000004e8    000000f0     main.obj (.text:main)
                  000005d8    0000009c     rtsv7M4_T_le_v4SPD16_eabi.lib : memcpy_t2.asm.obj (.text)
                  00000674    00000090     msp432e4_driverlib.a : sysctl.o (.text:_SysCtlFrequencyGet)
                  00000704    00000068     rtsv7M4_T_le_v4SPD16_eabi.lib : copy_decompress_lzss.c.obj (.text:decompress:lzss:__TI_decompress_lzss)
                  0000076c    00000044     msp432e4_driverlib.a : sysctl.o (.text:_SysCtlMemTimingGet)
                  000007b0    00000044     rtsv7M4_T_le_v4SPD16_eabi.lib : autoinit.c.obj (.text:__TI_auto_init_nobinit_nopinit:__TI_auto_init_nobinit_nopinit)
                  000007f4    00000038                                   : boot_cortex_m.c.obj (.text:_c_int00_noargs:_c_int00_noargs)
                  0000082c    00000020     system_msp432e401y.obj (.text:SystemInit)
                  0000084c    0000000e     rtsv7M4_T_le_v4SPD16_eabi.lib : copy_decompress_none.c.obj (.text:decompress:none:__TI_decompress_none)
                  0000085a    0000000c     startup_msp432e401y_ccs.obj (.text:Reset_Handler)
                  00000866    00000004     rtsv7M4_T_le_v4SPD16_eabi.lib : pre_init.c.obj (.text:_system_pre_init)
                  0000086a    00000004                                   : exit.c.obj (.text:abort:abort)
                  0000086e    00000002     startup_msp432e401y_ccs.obj (.text:Default_Handler)

.const     0    00000870    00000210     
                  00000870    000001b0     msp432e4_driverlib.a : sysctl.o (.const:g_pppui32XTALtoVCO)
                  00000a20    00000030                          : sysctl.o (.const:g_sXTALtoMEMTIM)
                  00000a50    00000028                          : sysctl.o (.const:g_pui32Xtals)
                  00000a78    00000008                          : sysctl.o (.const:g_pui32VCOFrequencies)

.cinit     0    00000a80    00000018     
                  00000a80    00000008     (.cinit..data.load) [load image, compression = lzss]
                  00000a88    00000008     (__TI_handler_table)
                  00000a90    00000008     (__TI_cinit_table)

.init_array 
*          0    00000000    00000000     UNINITIALIZED

.data      0    20000200    00000004     UNINITIALIZED
                  20000200    00000004     system_msp432e401y.obj (.data)

.stack     0    20000000    00000200     UNINITIALIZED
                  20000000    00000004     rtsv7M4_T_le_v4SPD16_eabi.lib : boot_cortex_m.c.obj (.stack)
                  20000004    000001fc     --HOLE--

MODULE SUMMARY

       Module                        code   ro data   rw data
       ------                        ----   -------   -------
    .\
       main.obj                      240    0         0      
       system_msp432e401y.obj        32     0         4      
    +--+-----------------------------+------+---------+---------+
       Total:                        272    0         4      
                                                             
    .\ccs\
       startup_msp432e401y_ccs.obj   14     520       0      
    +--+-----------------------------+------+---------+---------+
       Total:                        14     520       0      
                                                             
    D:/ccs/simplelink_msp432e4_sdk_4_20_00_12/source/ti/devices/msp432e4/driverlib/lib/ccs/m4f/msp432e4_driverlib.a
       sysctl.o                      948    528       0      
    +--+-----------------------------+------+---------+---------+
       Total:                        948    528       0      
                                                             
    D:\ccs\ccsv8\tools\compiler\ti-cgt-arm_18.1.8.LTS\lib\rtsv7M4_T_le_v4SPD16_eabi.lib
       memcpy_t2.asm.obj             156    0         0      
       copy_decompress_lzss.c.obj    104    0         0      
       autoinit.c.obj                68     0         0      
       boot_cortex_m.c.obj           56     0         0      
       copy_decompress_none.c.obj    14     0         0      
       exit.c.obj                    4      0         0      
       pre_init.c.obj                4      0         0      
    +--+-----------------------------+------+---------+---------+
       Total:                        406    0         0      
                                                             
       Stack:                        0      0         512    
       Linker Generated:             0      24        0      
    +--+-----------------------------+------+---------+---------+
       Grand Total:                  1640   1072      516    


LINKER GENERATED COPY TABLES

__TI_cinit_table @ 00000a90 records: 1, size/record: 8, table size: 8
	.data: load addr=00000a80, load size=00000008 bytes, run addr=20000200, run size=00000004 bytes, compression=lzss


LINKER GENERATED HANDLER TABLE

__TI_handler_table @ 00000a88 records: 2, size/record: 4, table size: 8
	index: 0, handler: __TI_decompress_lzss
	index: 1, handler: __TI_decompress_none


GLOBAL SYMBOLS: SORTED ALPHABETICALLY BY Name 

address   name                          
-------   ----                          
0000086f  ADC0SS0_IRQHandler            
0000086f  ADC0SS1_IRQHandler            
0000086f  ADC0SS2_IRQHandler            
0000086f  ADC0SS3_IRQHandler            
0000086f  ADC1SS0_IRQHandler            
0000086f  ADC1SS1_IRQHandler            
0000086f  ADC1SS2_IRQHandler            
0000086f  ADC1SS3_IRQHandler            
0000086f  AES0_IRQHandler               
0000086f  BusFault_Handler              
0000086b  C$$EXIT                       
0000086f  CAN0_IRQHandler               
0000086f  CAN1_IRQHandler               
0000086f  COMP0_IRQHandler              
0000086f  COMP1_IRQHandler              
0000086f  COMP2_IRQHandler              
0000086f  DES0_IRQHandler               
0000086f  DebugMon_Handler              
0000086f  Default_Handler               
0000086f  EMAC0_IRQHandler              
0000086f  EPI0_IRQHandler               
0000086f  FLASH_IRQHandler              
0000086f  GPIOA_IRQHandler              
0000086f  GPIOB_IRQHandler              
0000086f  GPIOC_IRQHandler              
0000086f  GPIOD_IRQHandler              
0000086f  GPIOE_IRQHandler              
0000086f  GPIOF_IRQHandler              
0000086f  GPIOG_IRQHandler              
0000086f  GPIOH_IRQHandler              
0000086f  GPIOJ_IRQHandler              
0000086f  GPIOK_IRQHandler              
0000086f  GPIOL_IRQHandler              
0000086f  GPIOM_IRQHandler              
0000086f  GPION_IRQHandler              
0000086f  GPIOP0_IRQHandler             
0000086f  GPIOP1_IRQHandler             
0000086f  GPIOP2_IRQHandler             
0000086f  GPIOP3_IRQHandler             
0000086f  GPIOP4_IRQHandler             
0000086f  GPIOP5_IRQHandler             
0000086f  GPIOP6_IRQHandler             
0000086f  GPIOP7_IRQHandler             
0000086f  GPIOQ0_IRQHandler             
0000086f  GPIOQ1_IRQHandler             
0000086f  GPIOQ2_IRQHandler             
0000086f  GPIOQ3_IRQHandler             
0000086f  GPIOQ4_IRQHandler             
0000086f  GPIOQ5_IRQHandler             
0000086f  GPIOQ6_IRQHandler             
0000086f  GPIOQ7_IRQHandler             
0000086f  HIBERNATE_IRQHandler          
0000086f  HardFault_Handler             
0000086f  I2C0_IRQHandler               
0000086f  I2C1_IRQHandler               
0000086f  I2C2_IRQHandler               
0000086f  I2C3_IRQHandler               
0000086f  I2C4_IRQHandler               
0000086f  I2C5_IRQHandler               
0000086f  I2C6_IRQHandler               
0000086f  I2C7_IRQHandler               
0000086f  I2C8_IRQHandler               
0000086f  I2C9_IRQHandler               
0000086f  MemManage_Handler             
0000086f  NMI_Handler                   
0000086f  PWM0_0_IRQHandler             
0000086f  PWM0_1_IRQHandler             
0000086f  PWM0_2_IRQHandler             
0000086f  PWM0_3_IRQHandler             
0000086f  PWM0_FAULT_IRQHandler         
0000086f  PendSV_Handler                
0000086f  QEI0_IRQHandler               
0000085b  Reset_Handler                 
0000086f  SHA0_IRQHandler               
0000086f  SSI0_IRQHandler               
0000086f  SSI1_IRQHandler               
0000086f  SSI2_IRQHandler               
0000086f  SSI3_IRQHandler               
0000086f  SVC_Handler                   
0000086f  SYSCTL_IRQHandler             
0000086f  SYSEXC_IRQHandler             
00000209  SysCtlClockFreqSet            
0000086f  SysTick_Handler               
20000200  SystemCoreClock               
0000082d  SystemInit                    
0000086f  TAMPER0_IRQHandler            
0000086f  TIMER0A_IRQHandler            
0000086f  TIMER0B_IRQHandler            
0000086f  TIMER1A_IRQHandler            
0000086f  TIMER1B_IRQHandler            
0000086f  TIMER2A_IRQHandler            
0000086f  TIMER2B_IRQHandler            
0000086f  TIMER3A_IRQHandler            
0000086f  TIMER3B_IRQHandler            
0000086f  TIMER4A_IRQHandler            
0000086f  TIMER4B_IRQHandler            
0000086f  TIMER5A_IRQHandler            
0000086f  TIMER5B_IRQHandler            
0000086f  TIMER6A_IRQHandler            
0000086f  TIMER6B_IRQHandler            
0000086f  TIMER7A_IRQHandler            
0000086f  TIMER7B_IRQHandler            
0000086f  UART0_IRQHandler              
0000086f  UART1_IRQHandler              
0000086f  UART2_IRQHandler              
0000086f  UART3_IRQHandler              
0000086f  UART4_IRQHandler              
0000086f  UART5_IRQHandler              
0000086f  UART6_IRQHandler              
0000086f  UART7_IRQHandler              
0000086f  UDMAERR_IRQHandler            
0000086f  UDMA_IRQHandler               
0000086f  USB0_IRQHandler               
0000086f  UsageFault_Handler            
0000086f  WATCHDOG_IRQHandler           
20000200  __STACK_END                   
00000200  __STACK_SIZE                  
20000200  __STACK_TOP                   
00000a90  __TI_CINIT_Base               
00000a98  __TI_CINIT_Limit              
00000a88  __TI_Handler_Table_Base       
00000a90  __TI_Handler_Table_Limit      
000007b1  __TI_auto_init_nobinit_nopinit
00000705  __TI_decompress_lzss          
0000084d  __TI_decompress_none          
ffffffff  __TI_pprof_out_hndl           
ffffffff  __TI_prof_data_size           
ffffffff  __TI_prof_data_start          
00000000  __TI_static_base__            
000005d9  __aeabi_memcpy                
000005d9  __aeabi_memcpy4               
000005d9  __aeabi_memcpy8               
ffffffff  __binit__                     
ffffffff  __c_args__                    
UNDEFED   __mpu_init                    
20000000  __stack                       
000007f5  _c_int00_noargs               
UNDEFED   _system_post_cinit            
00000867  _system_pre_init              
0000086b  abort                         
ffffffff  binit                         
00000000  interruptVectors              
000004e9  main                          
000005d9  memcpy                        


GLOBAL SYMBOLS: SORTED BY Symbol Address 

address   name                          
-------   ----                          
00000000  __TI_static_base__            
00000000  interruptVectors              
00000200  __STACK_SIZE                  
00000209  SysCtlClockFreqSet            
000004e9  main                          
000005d9  __aeabi_memcpy                
000005d9  __aeabi_memcpy4               
000005d9  __aeabi_memcpy8               
000005d9  memcpy                        
00000705  __TI_decompress_lzss          
000007b1  __TI_auto_init_nobinit_nopinit
000007f5  _c_int00_noargs               
0000082d  SystemInit                    
0000084d  __TI_decompress_none          
0000085b  Reset_Handler                 
00000867  _system_pre_init              
0000086b  C$$EXIT                       
0000086b  abort                         
0000086f  ADC0SS0_IRQHandler            
0000086f  ADC0SS1_IRQHandler            
0000086f  ADC0SS2_IRQHandler            
0000086f  ADC0SS3_IRQHandler            
0000086f  ADC1SS0_IRQHandler            
0000086f  ADC1SS1_IRQHandler            
0000086f  ADC1SS2_IRQHandler            
0000086f  ADC1SS3_IRQHandler            
0000086f  AES0_IRQHandler               
0000086f  BusFault_Handler              
0000086f  CAN0_IRQHandler               
0000086f  CAN1_IRQHandler               
0000086f  COMP0_IRQHandler              
0000086f  COMP1_IRQHandler              
0000086f  COMP2_IRQHandler              
0000086f  DES0_IRQHandler               
0000086f  DebugMon_Handler              
0000086f  Default_Handler               
0000086f  EMAC0_IRQHandler              
0000086f  EPI0_IRQHandler               
0000086f  FLASH_IRQHandler              
0000086f  GPIOA_IRQHandler              
0000086f  GPIOB_IRQHandler              
0000086f  GPIOC_IRQHandler              
0000086f  GPIOD_IRQHandler              
0000086f  GPIOE_IRQHandler              
0000086f  GPIOF_IRQHandler              
0000086f  GPIOG_IRQHandler              
0000086f  GPIOH_IRQHandler              
0000086f  GPIOJ_IRQHandler              
0000086f  GPIOK_IRQHandler              
0000086f  GPIOL_IRQHandler              
0000086f  GPIOM_IRQHandler              
0000086f  GPION_IRQHandler              
0000086f  GPIOP0_IRQHandler             
0000086f  GPIOP1_IRQHandler             
0000086f  GPIOP2_IRQHandler             
0000086f  GPIOP3_IRQHandler             
0000086f  GPIOP4_IRQHandler             
0000086f  GPIOP5_IRQHandler             
0000086f  GPIOP6_IRQHandler             
0000086f  GPIOP7_IRQHandler             
0000086f  GPIOQ0_IRQHandler             
0000086f  GPIOQ1_IRQHandler             
0000086f  GPIOQ2_IRQHandler             
0000086f  GPIOQ3_IRQHandler             
0000086f  GPIOQ4_IRQHandler             
0000086f  GPIOQ5_IRQHandler             
0000086f  GPIOQ6_IRQHandler             
0000086f  GPIOQ7_IRQHandler             
0000086f  HIBERNATE_IRQHandler          
0000086f  HardFault_Handler             
0000086f  I2C0_IRQHandler               
0000086f  I2C1_IRQHandler               
0000086f  I2C2_IRQHandler               
0000086f  I2C3_IRQHandler               
0000086f  I2C4_IRQHandler               
0000086f  I2C5_IRQHandler               
0000086f  I2C6_IRQHandler               
0000086f  I2C7_IRQHandler               
0000086f  I2C8_IRQHandler               
0000086f  I2C9_IRQHandler               
0000086f  MemManage_Handler             
0000086f  NMI_Handler                   
0000086f  PWM0_0_IRQHandler             
0000086f  PWM0_1_IRQHandler             
0000086f  PWM0_2_IRQHandler             
0000086f  PWM0_3_IRQHandler             
0000086f  PWM0_FAULT_IRQHandler         
0000086f  PendSV_Handler                
0000086f  QEI0_IRQHandler               
0000086f  SHA0_IRQHandler               
0000086f  SSI0_IRQHandler               
0000086f  SSI1_IRQHandler               
0000086f  SSI2_IRQHandler               
0000086f  SSI3_IRQHandler               
0000086f  SVC_Handler                   
0000086f  SYSCTL_IRQHandler             
0000086f  SYSEXC_IRQHandler             
0000086f  SysTick_Handler               
0000086f  TAMPER0_IRQHandler            
0000086f  TIMER0A_IRQHandler            
0000086f  TIMER0B_IRQHandler            
0000086f  TIMER1A_IRQHandler            
0000086f  TIMER1B_IRQHandler            
0000086f  TIMER2A_IRQHandler            
0000086f  TIMER2B_IRQHandler            
0000086f  TIMER3A_IRQHandler            
0000086f  TIMER3B_IRQHandler            
0000086f  TIMER4A_IRQHandler            
0000086f  TIMER4B_IRQHandler            
0000086f  TIMER5A_IRQHandler            
0000086f  TIMER5B_IRQHandler            
0000086f  TIMER6A_IRQHandler            
0000086f  TIMER6B_IRQHandler            
0000086f  TIMER7A_IRQHandler            
0000086f  TIMER7B_IRQHandler            
0000086f  UART0_IRQHandler              
0000086f  UART1_IRQHandler              
0000086f  UART2_IRQHandler              
0000086f  UART3_IRQHandler              
0000086f  UART4_IRQHandler              
0000086f  UART5_IRQHandler              
0000086f  UART6_IRQHandler              
0000086f  UART7_IRQHandler              
0000086f  UDMAERR_IRQHandler            
0000086f  UDMA_IRQHandler               
0000086f  USB0_IRQHandler               
0000086f  UsageFault_Handler            
0000086f  WATCHDOG_IRQHandler           
00000a88  __TI_Handler_Table_Base       
00000a90  __TI_CINIT_Base               
00000a90  __TI_Handler_Table_Limit      
00000a98  __TI_CINIT_Limit              
20000000  __stack                       
20000200  SystemCoreClock               
20000200  __STACK_END                   
20000200  __STACK_TOP                   
ffffffff  __TI_pprof_out_hndl           
ffffffff  __TI_prof_data_size           
ffffffff  __TI_prof_data_start          
ffffffff  __binit__                     
ffffffff  __c_args__                    
ffffffff  binit                         
UNDEFED   __mpu_init                    
UNDEFED   _system_post_cinit            

[144 symbols]
