******************************************************************************
                  TI ARM Linker PC v18.1.8                     
******************************************************************************
>> Linked Sun Oct 31 14:31:30 2021

OUTPUT FILE NAME:   <MSP432_UART.out>
ENTRY POINT SYMBOL: "_c_int00_noargs"  address: 00000c1d


MEMORY CONFIGURATION

         name            origin    length      used     unused   attr    fill
----------------------  --------  ---------  --------  --------  ----  --------
  FLASH                 00000000   00100000  00000f6a  000ff096  R  X
  SRAM                  20000000   00040000  00000210  0003fdf0  RW X


SEGMENT ALLOCATION MAP

run origin  load origin   length   init length attrs members
----------  ----------- ---------- ----------- ----- -------
00000000    00000000    00000f70   00000f70    r-x
  00000000    00000000    00000208   00000208    r-- .intvecs
  00000208    00000208    00000af2   00000af2    r-x .text
  00000cfc    00000cfc    00000240   00000240    r-- .const
  00000f40    00000f40    00000030   00000030    r-- .cinit
20000000    20000000    00000210   00000000    rw-
  20000000    20000000    00000200   00000000    rw- .stack
  20000200    20000200    0000000c   00000000    rw- .data
  2000020c    2000020c    00000004   00000000    rw- .bss


SECTION ALLOCATION MAP

 output                                  attributes/
section   page    origin      length       input sections
--------  ----  ----------  ----------   ----------------
.intvecs   0    00000000    00000208     
                  00000000    00000208     startup_msp432e401y_ccs.obj (.intvecs:retain)

.text      0    00000208    00000af2     
                  00000208    0000030c     uartstdio.obj (.text:UARTvprintf)
                  00000514    000002e0     msp432e4_driverlib.a : sysctl.o (.text:SysCtlClockFreqSet)
                  000007f4    000000a0     main.obj (.text:main)
                  00000894    0000009c     rtsv7M4_T_le_v4SPD16_eabi.lib : memcpy_t2.asm.obj (.text)
                  00000930    00000090     msp432e4_driverlib.a : sysctl.o (.text:_SysCtlFrequencyGet)
                  000009c0    00000074     uartstdio.obj (.text:UARTStdioConfig)
                  00000a34    00000068     rtsv7M4_T_le_v4SPD16_eabi.lib : copy_decompress_lzss.c.obj (.text:decompress:lzss:__TI_decompress_lzss)
                  00000a9c    0000005c     main.obj (.text:UART0_init)
                  00000af8    0000005c     uartstdio.obj (.text:UARTwrite)
                  00000b54    00000044     msp432e4_driverlib.a : sysctl.o (.text:_SysCtlMemTimingGet)
                  00000b98    00000044     rtsv7M4_T_le_v4SPD16_eabi.lib : autoinit.c.obj (.text:__TI_auto_init_nobinit_nopinit:__TI_auto_init_nobinit_nopinit)
                  00000bdc    00000040                                   : u_divt2.asm.obj (.text)
                  00000c1c    00000038                                   : boot_cortex_m.c.obj (.text:_c_int00_noargs:_c_int00_noargs)
                  00000c54    00000024     uartstdio.obj (.text:UARTprintf)
                  00000c78    00000020     system_msp432e401y.obj (.text:SystemInit)
                  00000c98    00000020     main.obj (.text:gpio_init)
                  00000cb8    0000001c     rtsv7M4_T_le_v4SPD16_eabi.lib : copy_zero_init.c.obj (.text:decompress:ZI:__TI_zero_init_nomemset:__TI_zero_init_nomemset)
                  00000cd4    0000000e                                   : copy_decompress_none.c.obj (.text:decompress:none:__TI_decompress_none)
                  00000ce2    0000000c     startup_msp432e401y_ccs.obj (.text:Reset_Handler)
                  00000cee    00000004     rtsv7M4_T_le_v4SPD16_eabi.lib : pre_init.c.obj (.text:_system_pre_init)
                  00000cf2    00000004                                   : exit.c.obj (.text:abort:abort)
                  00000cf6    00000002     startup_msp432e401y_ccs.obj (.text:Default_Handler)
                  00000cf8    00000002     rtsv7M4_T_le_v4SPD16_eabi.lib : div0.asm.obj (.text)

.const     0    00000cfc    00000240     
                  00000cfc    000001b0     msp432e4_driverlib.a : sysctl.o (.const:g_pppui32XTALtoVCO)
                  00000eac    00000030                          : sysctl.o (.const:g_sXTALtoMEMTIM)
                  00000edc    00000028                          : sysctl.o (.const:g_pui32Xtals)
                  00000f04    00000012     uartstdio.obj (.const:.string)
                  00000f16    00000002     --HOLE-- [fill = 0]
                  00000f18    0000000c     uartstdio.obj (.const:g_ui32UARTBase)
                  00000f24    0000000c     uartstdio.obj (.const:g_ui32UARTPeriph)
                  00000f30    00000008     msp432e4_driverlib.a : sysctl.o (.const:g_pui32VCOFrequencies)
                  00000f38    00000004     uartstdio.obj (.const)

.cinit     0    00000f40    00000030     
                  00000f40    0000000c     (__TI_handler_table)
                  00000f4c    0000000a     (.cinit..data.load) [load image, compression = lzss]
                  00000f56    00000002     --HOLE-- [fill = 0]
                  00000f58    00000008     (.cinit..bss.load) [load image, compression = zero_init]
                  00000f60    00000010     (__TI_cinit_table)

.init_array 
*          0    00000000    00000000     UNINITIALIZED

.data      0    20000200    0000000c     UNINITIALIZED
                  20000200    00000005     uartstdio.obj (.data)
                  20000205    00000003     --HOLE--
                  20000208    00000004     system_msp432e401y.obj (.data)

.bss       0    2000020c    00000004     UNINITIALIZED
                  2000020c    00000004     (.common:systemClock)

.stack     0    20000000    00000200     UNINITIALIZED
                  20000000    00000004     rtsv7M4_T_le_v4SPD16_eabi.lib : boot_cortex_m.c.obj (.stack)
                  20000004    000001fc     --HOLE--

MODULE SUMMARY

       Module                        code   ro data   rw data
       ------                        ----   -------   -------
    .\
       uartstdio.obj                 1024   46        5      
       main.obj                      284    0         4      
       system_msp432e401y.obj        32     0         4      
    +--+-----------------------------+------+---------+---------+
       Total:                        1340   46        13     
                                                             
    .\ccs\
       startup_msp432e401y_ccs.obj   14     520       0      
    +--+-----------------------------+------+---------+---------+
       Total:                        14     520       0      
                                                             
    D:/ccs/simplelink_msp432e4_sdk_4_20_00_12/source/ti/devices/msp432e4/driverlib/lib/ccs/m4f/msp432e4_driverlib.a
       sysctl.o                      948    528       0      
    +--+-----------------------------+------+---------+---------+
       Total:                        948    528       0      
                                                             
    D:\ccs\ccsv8\tools\compiler\ti-cgt-arm_18.1.8.LTS\lib\rtsv7M4_T_le_v4SPD16_eabi.lib
       memcpy_t2.asm.obj             156    0         0      
       copy_decompress_lzss.c.obj    104    0         0      
       autoinit.c.obj                68     0         0      
       u_divt2.asm.obj               64     0         0      
       boot_cortex_m.c.obj           56     0         0      
       copy_zero_init.c.obj          28     0         0      
       copy_decompress_none.c.obj    14     0         0      
       exit.c.obj                    4      0         0      
       pre_init.c.obj                4      0         0      
       div0.asm.obj                  2      0         0      
    +--+-----------------------------+------+---------+---------+
       Total:                        500    0         0      
                                                             
       Stack:                        0      0         512    
       Linker Generated:             0      46        0      
    +--+-----------------------------+------+---------+---------+
       Grand Total:                  2802   1140      525    


LINKER GENERATED COPY TABLES

__TI_cinit_table @ 00000f60 records: 2, size/record: 8, table size: 16
	.data: load addr=00000f4c, load size=0000000a bytes, run addr=20000200, run size=0000000c bytes, compression=lzss
	.bss: load addr=00000f58, load size=00000008 bytes, run addr=2000020c, run size=00000004 bytes, compression=zero_init


LINKER GENERATED HANDLER TABLE

__TI_handler_table @ 00000f40 records: 3, size/record: 4, table size: 12
	index: 0, handler: __TI_decompress_lzss
	index: 1, handler: __TI_decompress_none
	index: 2, handler: __TI_zero_init


GLOBAL SYMBOLS: SORTED ALPHABETICALLY BY Name 

address   name                          
-------   ----                          
00000cf7  ADC0SS0_IRQHandler            
00000cf7  ADC0SS1_IRQHandler            
00000cf7  ADC0SS2_IRQHandler            
00000cf7  ADC0SS3_IRQHandler            
00000cf7  ADC1SS0_IRQHandler            
00000cf7  ADC1SS1_IRQHandler            
00000cf7  ADC1SS2_IRQHandler            
00000cf7  ADC1SS3_IRQHandler            
00000cf7  AES0_IRQHandler               
00000cf7  BusFault_Handler              
00000cf3  C$$EXIT                       
00000cf7  CAN0_IRQHandler               
00000cf7  CAN1_IRQHandler               
00000cf7  COMP0_IRQHandler              
00000cf7  COMP1_IRQHandler              
00000cf7  COMP2_IRQHandler              
00000cf7  DES0_IRQHandler               
00000cf7  DebugMon_Handler              
00000cf7  Default_Handler               
00000cf7  EMAC0_IRQHandler              
00000cf7  EPI0_IRQHandler               
00000cf7  FLASH_IRQHandler              
00000cf7  GPIOA_IRQHandler              
00000cf7  GPIOB_IRQHandler              
00000cf7  GPIOC_IRQHandler              
00000cf7  GPIOD_IRQHandler              
00000cf7  GPIOE_IRQHandler              
00000cf7  GPIOF_IRQHandler              
00000cf7  GPIOG_IRQHandler              
00000cf7  GPIOH_IRQHandler              
00000cf7  GPIOJ_IRQHandler              
00000cf7  GPIOK_IRQHandler              
00000cf7  GPIOL_IRQHandler              
00000cf7  GPIOM_IRQHandler              
00000cf7  GPION_IRQHandler              
00000cf7  GPIOP0_IRQHandler             
00000cf7  GPIOP1_IRQHandler             
00000cf7  GPIOP2_IRQHandler             
00000cf7  GPIOP3_IRQHandler             
00000cf7  GPIOP4_IRQHandler             
00000cf7  GPIOP5_IRQHandler             
00000cf7  GPIOP6_IRQHandler             
00000cf7  GPIOP7_IRQHandler             
00000cf7  GPIOQ0_IRQHandler             
00000cf7  GPIOQ1_IRQHandler             
00000cf7  GPIOQ2_IRQHandler             
00000cf7  GPIOQ3_IRQHandler             
00000cf7  GPIOQ4_IRQHandler             
00000cf7  GPIOQ5_IRQHandler             
00000cf7  GPIOQ6_IRQHandler             
00000cf7  GPIOQ7_IRQHandler             
00000cf7  HIBERNATE_IRQHandler          
00000cf7  HardFault_Handler             
00000cf7  I2C0_IRQHandler               
00000cf7  I2C1_IRQHandler               
00000cf7  I2C2_IRQHandler               
00000cf7  I2C3_IRQHandler               
00000cf7  I2C4_IRQHandler               
00000cf7  I2C5_IRQHandler               
00000cf7  I2C6_IRQHandler               
00000cf7  I2C7_IRQHandler               
00000cf7  I2C8_IRQHandler               
00000cf7  I2C9_IRQHandler               
00000cf7  MemManage_Handler             
00000cf7  NMI_Handler                   
00000cf7  PWM0_0_IRQHandler             
00000cf7  PWM0_1_IRQHandler             
00000cf7  PWM0_2_IRQHandler             
00000cf7  PWM0_3_IRQHandler             
00000cf7  PWM0_FAULT_IRQHandler         
00000cf7  PendSV_Handler                
00000cf7  QEI0_IRQHandler               
00000ce3  Reset_Handler                 
00000cf7  SHA0_IRQHandler               
00000cf7  SSI0_IRQHandler               
00000cf7  SSI1_IRQHandler               
00000cf7  SSI2_IRQHandler               
00000cf7  SSI3_IRQHandler               
00000cf7  SVC_Handler                   
00000cf7  SYSCTL_IRQHandler             
00000cf7  SYSEXC_IRQHandler             
00000515  SysCtlClockFreqSet            
00000cf7  SysTick_Handler               
20000208  SystemCoreClock               
00000c79  SystemInit                    
00000cf7  TAMPER0_IRQHandler            
00000cf7  TIMER0A_IRQHandler            
00000cf7  TIMER0B_IRQHandler            
00000cf7  TIMER1A_IRQHandler            
00000cf7  TIMER1B_IRQHandler            
00000cf7  TIMER2A_IRQHandler            
00000cf7  TIMER2B_IRQHandler            
00000cf7  TIMER3A_IRQHandler            
00000cf7  TIMER3B_IRQHandler            
00000cf7  TIMER4A_IRQHandler            
00000cf7  TIMER4B_IRQHandler            
00000cf7  TIMER5A_IRQHandler            
00000cf7  TIMER5B_IRQHandler            
00000cf7  TIMER6A_IRQHandler            
00000cf7  TIMER6B_IRQHandler            
00000cf7  TIMER7A_IRQHandler            
00000cf7  TIMER7B_IRQHandler            
00000cf7  UART0_IRQHandler              
00000a9d  UART0_init                    
00000cf7  UART1_IRQHandler              
00000cf7  UART2_IRQHandler              
00000cf7  UART3_IRQHandler              
00000cf7  UART4_IRQHandler              
00000cf7  UART5_IRQHandler              
00000cf7  UART6_IRQHandler              
00000cf7  UART7_IRQHandler              
000009c1  UARTStdioConfig               
00000c55  UARTprintf                    
00000209  UARTvprintf                   
00000af9  UARTwrite                     
00000cf7  UDMAERR_IRQHandler            
00000cf7  UDMA_IRQHandler               
00000cf7  USB0_IRQHandler               
00000cf7  UsageFault_Handler            
00000cf7  WATCHDOG_IRQHandler           
20000200  __STACK_END                   
00000200  __STACK_SIZE                  
20000200  __STACK_TOP                   
00000f60  __TI_CINIT_Base               
00000f70  __TI_CINIT_Limit              
00000f40  __TI_Handler_Table_Base       
00000f4c  __TI_Handler_Table_Limit      
00000b99  __TI_auto_init_nobinit_nopinit
00000a35  __TI_decompress_lzss          
00000cd5  __TI_decompress_none          
ffffffff  __TI_pprof_out_hndl           
ffffffff  __TI_prof_data_size           
ffffffff  __TI_prof_data_start          
00000000  __TI_static_base__            
00000cb9  __TI_zero_init_nomemset       
00000cf9  __aeabi_idiv0                 
00000cf9  __aeabi_ldiv0                 
00000895  __aeabi_memcpy                
00000895  __aeabi_memcpy4               
00000895  __aeabi_memcpy8               
00000bdd  __aeabi_uidiv                 
00000bdd  __aeabi_uidivmod              
ffffffff  __binit__                     
ffffffff  __c_args__                    
UNDEFED   __mpu_init                    
20000000  __stack                       
00000c1d  _c_int00_noargs               
UNDEFED   _system_post_cinit            
00000cef  _system_pre_init              
00000cf3  abort                         
ffffffff  binit                         
00000c99  gpio_init                     
00000000  interruptVectors              
000007f5  main                          
00000895  memcpy                        
2000020c  systemClock                   


GLOBAL SYMBOLS: SORTED BY Symbol Address 

address   name                          
-------   ----                          
00000000  __TI_static_base__            
00000000  interruptVectors              
00000200  __STACK_SIZE                  
00000209  UARTvprintf                   
00000515  SysCtlClockFreqSet            
000007f5  main                          
00000895  __aeabi_memcpy                
00000895  __aeabi_memcpy4               
00000895  __aeabi_memcpy8               
00000895  memcpy                        
000009c1  UARTStdioConfig               
00000a35  __TI_decompress_lzss          
00000a9d  UART0_init                    
00000af9  UARTwrite                     
00000b99  __TI_auto_init_nobinit_nopinit
00000bdd  __aeabi_uidiv                 
00000bdd  __aeabi_uidivmod              
00000c1d  _c_int00_noargs               
00000c55  UARTprintf                    
00000c79  SystemInit                    
00000c99  gpio_init                     
00000cb9  __TI_zero_init_nomemset       
00000cd5  __TI_decompress_none          
00000ce3  Reset_Handler                 
00000cef  _system_pre_init              
00000cf3  C$$EXIT                       
00000cf3  abort                         
00000cf7  ADC0SS0_IRQHandler            
00000cf7  ADC0SS1_IRQHandler            
00000cf7  ADC0SS2_IRQHandler            
00000cf7  ADC0SS3_IRQHandler            
00000cf7  ADC1SS0_IRQHandler            
00000cf7  ADC1SS1_IRQHandler            
00000cf7  ADC1SS2_IRQHandler            
00000cf7  ADC1SS3_IRQHandler            
00000cf7  AES0_IRQHandler               
00000cf7  BusFault_Handler              
00000cf7  CAN0_IRQHandler               
00000cf7  CAN1_IRQHandler               
00000cf7  COMP0_IRQHandler              
00000cf7  COMP1_IRQHandler              
00000cf7  COMP2_IRQHandler              
00000cf7  DES0_IRQHandler               
00000cf7  DebugMon_Handler              
00000cf7  Default_Handler               
00000cf7  EMAC0_IRQHandler              
00000cf7  EPI0_IRQHandler               
00000cf7  FLASH_IRQHandler              
00000cf7  GPIOA_IRQHandler              
00000cf7  GPIOB_IRQHandler              
00000cf7  GPIOC_IRQHandler              
00000cf7  GPIOD_IRQHandler              
00000cf7  GPIOE_IRQHandler              
00000cf7  GPIOF_IRQHandler              
00000cf7  GPIOG_IRQHandler              
00000cf7  GPIOH_IRQHandler              
00000cf7  GPIOJ_IRQHandler              
00000cf7  GPIOK_IRQHandler              
00000cf7  GPIOL_IRQHandler              
00000cf7  GPIOM_IRQHandler              
00000cf7  GPION_IRQHandler              
00000cf7  GPIOP0_IRQHandler             
00000cf7  GPIOP1_IRQHandler             
00000cf7  GPIOP2_IRQHandler             
00000cf7  GPIOP3_IRQHandler             
00000cf7  GPIOP4_IRQHandler             
00000cf7  GPIOP5_IRQHandler             
00000cf7  GPIOP6_IRQHandler             
00000cf7  GPIOP7_IRQHandler             
00000cf7  GPIOQ0_IRQHandler             
00000cf7  GPIOQ1_IRQHandler             
00000cf7  GPIOQ2_IRQHandler             
00000cf7  GPIOQ3_IRQHandler             
00000cf7  GPIOQ4_IRQHandler             
00000cf7  GPIOQ5_IRQHandler             
00000cf7  GPIOQ6_IRQHandler             
00000cf7  GPIOQ7_IRQHandler             
00000cf7  HIBERNATE_IRQHandler          
00000cf7  HardFault_Handler             
00000cf7  I2C0_IRQHandler               
00000cf7  I2C1_IRQHandler               
00000cf7  I2C2_IRQHandler               
00000cf7  I2C3_IRQHandler               
00000cf7  I2C4_IRQHandler               
00000cf7  I2C5_IRQHandler               
00000cf7  I2C6_IRQHandler               
00000cf7  I2C7_IRQHandler               
00000cf7  I2C8_IRQHandler               
00000cf7  I2C9_IRQHandler               
00000cf7  MemManage_Handler             
00000cf7  NMI_Handler                   
00000cf7  PWM0_0_IRQHandler             
00000cf7  PWM0_1_IRQHandler             
00000cf7  PWM0_2_IRQHandler             
00000cf7  PWM0_3_IRQHandler             
00000cf7  PWM0_FAULT_IRQHandler         
00000cf7  PendSV_Handler                
00000cf7  QEI0_IRQHandler               
00000cf7  SHA0_IRQHandler               
00000cf7  SSI0_IRQHandler               
00000cf7  SSI1_IRQHandler               
00000cf7  SSI2_IRQHandler               
00000cf7  SSI3_IRQHandler               
00000cf7  SVC_Handler                   
00000cf7  SYSCTL_IRQHandler             
00000cf7  SYSEXC_IRQHandler             
00000cf7  SysTick_Handler               
00000cf7  TAMPER0_IRQHandler            
00000cf7  TIMER0A_IRQHandler            
00000cf7  TIMER0B_IRQHandler            
00000cf7  TIMER1A_IRQHandler            
00000cf7  TIMER1B_IRQHandler            
00000cf7  TIMER2A_IRQHandler            
00000cf7  TIMER2B_IRQHandler            
00000cf7  TIMER3A_IRQHandler            
00000cf7  TIMER3B_IRQHandler            
00000cf7  TIMER4A_IRQHandler            
00000cf7  TIMER4B_IRQHandler            
00000cf7  TIMER5A_IRQHandler            
00000cf7  TIMER5B_IRQHandler            
00000cf7  TIMER6A_IRQHandler            
00000cf7  TIMER6B_IRQHandler            
00000cf7  TIMER7A_IRQHandler            
00000cf7  TIMER7B_IRQHandler            
00000cf7  UART0_IRQHandler              
00000cf7  UART1_IRQHandler              
00000cf7  UART2_IRQHandler              
00000cf7  UART3_IRQHandler              
00000cf7  UART4_IRQHandler              
00000cf7  UART5_IRQHandler              
00000cf7  UART6_IRQHandler              
00000cf7  UART7_IRQHandler              
00000cf7  UDMAERR_IRQHandler            
00000cf7  UDMA_IRQHandler               
00000cf7  USB0_IRQHandler               
00000cf7  UsageFault_Handler            
00000cf7  WATCHDOG_IRQHandler           
00000cf9  __aeabi_idiv0                 
00000cf9  __aeabi_ldiv0                 
00000f40  __TI_Handler_Table_Base       
00000f4c  __TI_Handler_Table_Limit      
00000f60  __TI_CINIT_Base               
00000f70  __TI_CINIT_Limit              
20000000  __stack                       
20000200  __STACK_END                   
20000200  __STACK_TOP                   
20000208  SystemCoreClock               
2000020c  systemClock                   
ffffffff  __TI_pprof_out_hndl           
ffffffff  __TI_prof_data_size           
ffffffff  __TI_prof_data_start          
ffffffff  __binit__                     
ffffffff  __c_args__                    
ffffffff  binit                         
UNDEFED   __mpu_init                    
UNDEFED   _system_post_cinit            

[156 symbols]
